#-----------------------------------------------------------
# Vivado v2019.1 (64-bit)
# SW Build 2552052 on Fri May 24 14:47:09 MDT 2019
# IP Build 2548770 on Fri May 24 18:01:18 MDT 2019
# Start of session at: Sat Feb  8 19:42:09 2020
# Process ID: 2814
# Current directory: /home/trevor/dev/myelect/video_mandel_gen
# Command line: vivado
# Log file: /home/trevor/dev/myelect/video_mandel_gen/vivado.log
# Journal file: /home/trevor/dev/myelect/video_mandel_gen/vivado.jou
#-----------------------------------------------------------
start_gui
ls
pwd
ls
cd scr
cd src
ls
cd tcl
ls
cd ..
ls
cd ..
ls
pwd
ls *.tcl
ls *.tcl
cd src
ls
cd tcl
ls
cd ..
ls
cd ..
ls
cd ..
ls
cd video_mandel_gen
ls
ls *.tcl
source ./create_proj.tcl
update_compile_order -fileset sources_1
close_project
ls
source ./create_proj.tcl
update_compile_order -fileset sources_1
close_bd_design [get_bd_designs test_VPG_bd]
report_ip_status -name ip_status 
launch_simulation
source tb_test_VPG.tcl
run 17 ms
restart
run 17 ms
run 17 ms
close_sim
open_bd_design {/home/trevor/dev/myelect/video_mandel_gen/proj_1/proj_1.srcs/sources_1/bd/test_VPG_bd/test_VPG_bd.bd}
