

================================================================
== Vivado HLS Report for 'dataflow_in_loop_out'
================================================================
* Date:           Sat Feb  8 14:51:54 2020

* Version:        2019.1 (Build 2552052 on Fri May 24 15:28:33 MDT 2019)
* Project:        Video_Mandelbrot_Generator
* Solution:       solution2_dataflow
* Product family: artix7
* Target device:  xc7a35t-cpg236-1


================================================================
== Performance Estimates
================================================================
+ Timing (ns): 
    * Summary: 
    +--------+-------+----------+------------+
    |  Clock | Target| Estimated| Uncertainty|
    +--------+-------+----------+------------+
    |ap_clk  |  10.00|     2.123|        1.25|
    +--------+-------+----------+------------+

+ Latency (clock cycles): 
    * Summary: 
    +-----+-----+-----+-----+----------+
    |  Latency  |  Interval | Pipeline |
    | min | max | min | max |   Type   |
    +-----+-----+-----+-----+----------+
    |  801|  801|  802|  802| dataflow |
    +-----+-----+-----+-----+----------+

    + Detail: 
        * Instance: 
        +---------------+------------+-----+-----+-----+-----+---------+
        |               |            |  Latency  |  Interval | Pipeline|
        |    Instance   |   Module   | min | max | min | max |   Type  |
        +---------------+------------+-----+-----+-----+-----+---------+
        |inner_proc_U0  |inner_proc  |  801|  801|  801|  801|   none  |
        +---------------+------------+-----+-----+-----+-----+---------+

        * Loop: 
        N/A



================================================================
== Utilization Estimates
================================================================
* Summary: 
+-----------------+---------+-------+-------+-------+-----+
|       Name      | BRAM_18K| DSP48E|   FF  |  LUT  | URAM|
+-----------------+---------+-------+-------+-------+-----+
|DSP              |        -|      -|      -|      -|    -|
|Expression       |        -|      -|      -|      -|    -|
|FIFO             |        -|      -|      -|      -|    -|
|Instance         |        -|      -|     14|    112|    -|
|Memory           |        -|      -|      -|      -|    -|
|Multiplexer      |        -|      -|      -|      -|    -|
|Register         |        -|      -|      -|      -|    -|
+-----------------+---------+-------+-------+-------+-----+
|Total            |        0|      0|     14|    112|    0|
+-----------------+---------+-------+-------+-------+-----+
|Available        |      100|     90|  41600|  20800|    0|
+-----------------+---------+-------+-------+-------+-----+
|Utilization (%)  |        0|      0|   ~0  |   ~0  |    0|
+-----------------+---------+-------+-------+-------+-----+

+ Detail: 
    * Instance: 
    +---------------+------------+---------+-------+----+-----+-----+
    |    Instance   |   Module   | BRAM_18K| DSP48E| FF | LUT | URAM|
    +---------------+------------+---------+-------+----+-----+-----+
    |inner_proc_U0  |inner_proc  |        0|      0|  14|  112|    0|
    +---------------+------------+---------+-------+----+-----+-----+
    |Total          |            |        0|      0|  14|  112|    0|
    +---------------+------------+---------+-------+----+-----+-----+

    * DSP48E: 
    N/A

    * Memory: 
    N/A

    * FIFO: 
    N/A

    * Expression: 
    N/A

    * Multiplexer: 
    N/A

    * Register: 
    N/A



================================================================
== Interface
================================================================
* Summary: 
+----------------------+-----+-----+------------+-----------------------+--------------+
|       RTL Ports      | Dir | Bits|  Protocol  |     Source Object     |    C Type    |
+----------------------+-----+-----+------------+-----------------------+--------------+
|i_op_assign_1         |  in |   10|   ap_none  |     i_op_assign_1     |    scalar    |
|i_op_assign_1_ap_vld  |  in |    1|   ap_none  |     i_op_assign_1     |    scalar    |
|m_axis_video_TDATA    | out |   24|    axis    | m_axis_video_V_data_V |    pointer   |
|m_axis_video_TKEEP    | out |    3|    axis    | m_axis_video_V_keep_V |    pointer   |
|m_axis_video_TSTRB    | out |    3|    axis    | m_axis_video_V_strb_V |    pointer   |
|m_axis_video_TUSER    | out |    1|    axis    | m_axis_video_V_user_V |    pointer   |
|m_axis_video_TLAST    | out |    1|    axis    | m_axis_video_V_last_V |    pointer   |
|m_axis_video_TID      | out |    1|    axis    |  m_axis_video_V_id_V  |    pointer   |
|m_axis_video_TDEST    | out |    1|    axis    | m_axis_video_V_dest_V |    pointer   |
|m_axis_video_TVALID   | out |    1|    axis    | m_axis_video_V_dest_V |    pointer   |
|m_axis_video_TREADY   |  in |    1|    axis    | m_axis_video_V_dest_V |    pointer   |
|ap_clk                |  in |    1| ap_ctrl_hs |  dataflow_in_loop_out | return value |
|ap_rst                |  in |    1| ap_ctrl_hs |  dataflow_in_loop_out | return value |
|ap_start              |  in |    1| ap_ctrl_hs |  dataflow_in_loop_out | return value |
|ap_done               | out |    1| ap_ctrl_hs |  dataflow_in_loop_out | return value |
|ap_ready              | out |    1| ap_ctrl_hs |  dataflow_in_loop_out | return value |
|ap_idle               | out |    1| ap_ctrl_hs |  dataflow_in_loop_out | return value |
|ap_continue           |  in |    1| ap_ctrl_hs |  dataflow_in_loop_out | return value |
+----------------------+-----+-----+------------+-----------------------+--------------+

