

================================================================
== Vivado HLS Report for 'inner_proc'
================================================================
* Date:           Sat Feb  8 22:19:36 2020

* Version:        2019.1 (Build 2552052 on Fri May 24 15:28:33 MDT 2019)
* Project:        Video_Mandelbrot_Generator
* Solution:       solution2_dataflow
* Product family: artix7
* Target device:  xc7a35t-cpg236-1


================================================================
== Performance Estimates
================================================================
+ Timing (ns): 
    * Summary: 
    +--------+-------+----------+------------+
    |  Clock | Target| Estimated| Uncertainty|
    +--------+-------+----------+------------+
    |ap_clk  |  10.00|     8.687|        1.25|
    +--------+-------+----------+------------+

+ Latency (clock cycles): 
    * Summary: 
    +-----+-------+-----+-------+---------+
    |   Latency   |   Interval  | Pipeline|
    | min |  max  | min |  max  |   Type  |
    +-----+-------+-----+-------+---------+
    |   90|  10250|   90|  10250|   none  |
    +-----+-------+-----+-------+---------+

    + Detail: 
        * Instance: 
        N/A

        * Loop: 
        +----------------+-----+-------+-----------+-----------+-----------+---------+----------+
        |                |   Latency   | Iteration |  Initiation Interval  |   Trip  |          |
        |    Loop Name   | min |  max  |  Latency  |  achieved |   target  |  Count  | Pipelined|
        +----------------+-----+-------+-----------+-----------+-----------+---------+----------+
        |- inner         |   88|  10248| 11 ~ 1281 |          -|          -|        8|    no    |
        | + mandel_calc  |    5|   1275|          5|          -|          -| 1 ~ 255 |    no    |
        +----------------+-----+-------+-----------+-----------+-----------+---------+----------+



================================================================
== Utilization Estimates
================================================================
* Summary: 
+-----------------+---------+-------+-------+-------+-----+
|       Name      | BRAM_18K| DSP48E|   FF  |  LUT  | URAM|
+-----------------+---------+-------+-------+-------+-----+
|DSP              |        -|      6|      -|      -|    -|
|Expression       |        -|      -|      0|   2054|    -|
|FIFO             |        -|      -|      -|      -|    -|
|Instance         |        -|      -|      -|      -|    -|
|Memory           |        -|      -|      -|      -|    -|
|Multiplexer      |        -|      -|      -|    149|    -|
|Register         |        -|      -|    967|      -|    -|
+-----------------+---------+-------+-------+-------+-----+
|Total            |        0|      6|    967|   2203|    0|
+-----------------+---------+-------+-------+-------+-----+
|Available        |      100|     90|  41600|  20800|    0|
+-----------------+---------+-------+-------+-------+-----+
|Utilization (%)  |        0|      6|      2|     10|    0|
+-----------------+---------+-------+-------+-------+-----+

+ Detail: 
    * Instance: 
    N/A

    * DSP48E: 
    +--------------------------------------------------------+-----------------------------------------------------+-----------+
    |                        Instance                        |                        Module                       | Expression|
    +--------------------------------------------------------+-----------------------------------------------------+-----------+
    |video_mandelbrot_generator_mul_mul_14ns_17ns_31_1_1_U1  |video_mandelbrot_generator_mul_mul_14ns_17ns_31_1_1  |  i0 * i1  |
    |video_mandelbrot_generator_mul_mul_18s_18s_36_1_1_U2    |video_mandelbrot_generator_mul_mul_18s_18s_36_1_1    |  i0 * i1  |
    |video_mandelbrot_generator_mul_mul_18s_18s_36_1_1_U3    |video_mandelbrot_generator_mul_mul_18s_18s_36_1_1    |  i0 * i1  |
    |video_mandelbrot_generator_mul_mul_18s_18s_36_1_1_U4    |video_mandelbrot_generator_mul_mul_18s_18s_36_1_1    |  i0 * i0  |
    |video_mandelbrot_generator_mul_mul_18s_18s_36_1_1_U5    |video_mandelbrot_generator_mul_mul_18s_18s_36_1_1    |  i0 * i0  |
    |video_mandelbrot_generator_mul_mul_19s_19s_38_1_1_U6    |video_mandelbrot_generator_mul_mul_19s_19s_38_1_1    |  i0 * i0  |
    +--------------------------------------------------------+-----------------------------------------------------+-----------+

    * Memory: 
    N/A

    * FIFO: 
    N/A

    * Expression: 
    +---------------------------------+----------+-------+---+----+------------+------------+
    |          Variable Name          | Operation| DSP48E| FF| LUT| Bitwidth P0| Bitwidth P1|
    +---------------------------------+----------+-------+---+----+------------+------------+
    |col_fu_566_p2                    |     +    |      0|  0|  13|           1|           4|
    |iter_fu_1818_p2                  |     +    |      0|  0|  15|           8|           1|
    |p_Val2_11_fu_767_p2              |     +    |      0|  0|  23|          16|          16|
    |p_Val2_16_fu_1313_p2             |     +    |      0|  0|  25|          18|          18|
    |p_Val2_19_fu_1652_p2             |     +    |      0|  0|  25|          18|          18|
    |p_Val2_1_fu_1142_p2              |     +    |      0|  0|  23|          16|          16|
    |p_Val2_27_fu_1895_p2             |     +    |      0|  0|  25|          18|          18|
    |p_Val2_31_fu_1993_p2             |     +    |      0|  0|  25|          18|          18|
    |p_Val2_34_fu_2286_p2             |     +    |      0|  0|  25|          18|          18|
    |p_Val2_37_fu_2458_p2             |     +    |      0|  0|  25|          18|          18|
    |p_Val2_42_fu_2630_p2             |     +    |      0|  0|  25|          18|          18|
    |p_Val2_4_fu_601_p2               |     +    |      0|  0|  25|          18|          18|
    |p_Val2_8_fu_1500_p2              |     +    |      0|  0|  25|          18|          18|
    |ret_V_10_fu_1455_p2              |     +    |      0|  0|  43|          36|          36|
    |ret_V_12_fu_1639_p2              |     +    |      0|  0|  26|          19|          19|
    |ret_V_15_fu_1882_p2              |     +    |      0|  0|  27|          20|          20|
    |ret_V_17_fu_1980_p2              |     +    |      0|  0|  27|          20|          20|
    |ret_V_9_fu_2157_p2               |     +    |      0|  0|  26|          19|          19|
    |ret_V_fu_1832_p2                 |     +    |      0|  0|  26|          19|          19|
    |r_V_11_fu_416_p2                 |     -    |      0|  0|  43|          36|          36|
    |r_V_14_fu_492_p2                 |     -    |      0|  0|  42|           1|          35|
    |ret_V_13_fu_1858_p2              |     -    |      0|  0|  26|          19|          19|
    |ret_V_14_fu_1872_p2              |     -    |      0|  0|  27|          20|          20|
    |ret_V_16_fu_1966_p2              |     -    |      0|  0|  26|          19|          19|
    |and_ln414_1_fu_894_p2            |    and   |      0|  0|   2|           1|           1|
    |and_ln414_fu_592_p2              |    and   |      0|  0|   2|           1|           1|
    |and_ln700_1_fu_758_p2            |    and   |      0|  0|   2|           1|           1|
    |and_ln700_2_fu_1304_p2           |    and   |      0|  0|   2|           1|           1|
    |and_ln700_3_fu_2277_p2           |    and   |      0|  0|   2|           1|           1|
    |and_ln700_4_fu_2449_p2           |    and   |      0|  0|   2|           1|           1|
    |and_ln700_5_fu_2621_p2           |    and   |      0|  0|   2|           1|           1|
    |and_ln700_fu_1490_p2             |    and   |      0|  0|   2|           1|           1|
    |and_ln779_1_fu_1586_p2           |    and   |      0|  0|   2|           1|           1|
    |and_ln779_2_fu_970_p2            |    and   |      0|  0|   2|           1|           1|
    |and_ln779_3_fu_1383_p2           |    and   |      0|  0|   2|           1|           1|
    |and_ln779_4_fu_2356_p2           |    and   |      0|  0|   2|           1|           1|
    |and_ln779_5_fu_2528_p2           |    and   |      0|  0|   2|           1|           1|
    |and_ln779_6_fu_2700_p2           |    and   |      0|  0|   2|           1|           1|
    |and_ln779_fu_677_p2              |    and   |      0|  0|   2|           1|           1|
    |and_ln781_1_fu_1724_p2           |    and   |      0|  0|   2|           1|           1|
    |and_ln781_2_fu_819_p2            |    and   |      0|  0|   2|           1|           1|
    |and_ln781_3_fu_983_p2            |    and   |      0|  0|   2|           1|           1|
    |and_ln781_4_fu_1397_p2           |    and   |      0|  0|   2|           1|           1|
    |and_ln781_5_fu_2370_p2           |    and   |      0|  0|   2|           1|           1|
    |and_ln781_6_fu_2542_p2           |    and   |      0|  0|   2|           1|           1|
    |and_ln781_7_fu_2714_p2           |    and   |      0|  0|   2|           1|           1|
    |and_ln781_fu_690_p2              |    and   |      0|  0|   2|           1|           1|
    |and_ln786_14_fu_2399_p2          |    and   |      0|  0|   2|           1|           1|
    |and_ln786_16_fu_2571_p2          |    and   |      0|  0|   2|           1|           1|
    |and_ln786_18_fu_2743_p2          |    and   |      0|  0|   2|           1|           1|
    |and_ln786_2_fu_1600_p2           |    and   |      0|  0|   2|           1|           1|
    |and_ln786_4_fu_842_p2            |    and   |      0|  0|   2|           1|           1|
    |and_ln786_5_fu_848_p2            |    and   |      0|  0|   2|           1|           1|
    |and_ln786_7_fu_1006_p2           |    and   |      0|  0|   2|           1|           1|
    |and_ln786_9_fu_1426_p2           |    and   |      0|  0|   2|           1|           1|
    |and_ln786_fu_713_p2              |    and   |      0|  0|   2|           1|           1|
    |ap_block_state8_io               |    and   |      0|  0|   2|           1|           1|
    |carry_10_fu_1333_p2              |    and   |      0|  0|   2|           1|           1|
    |carry_12_fu_2306_p2              |    and   |      0|  0|   2|           1|           1|
    |carry_14_fu_2478_p2              |    and   |      0|  0|   2|           1|           1|
    |carry_16_fu_2650_p2              |    and   |      0|  0|   2|           1|           1|
    |carry_2_fu_620_p2                |    and   |      0|  0|   2|           1|           1|
    |carry_4_fu_1520_p2               |    and   |      0|  0|   2|           1|           1|
    |carry_6_fu_790_p2                |    and   |      0|  0|   2|           1|           1|
    |carry_8_fu_929_p2                |    and   |      0|  0|   2|           1|           1|
    |overflow_10_fu_2737_p2           |    and   |      0|  0|   2|           1|           1|
    |overflow_1_fu_1744_p2            |    and   |      0|  0|   2|           1|           1|
    |overflow_3_fu_837_p2             |    and   |      0|  0|   2|           1|           1|
    |overflow_4_fu_1001_p2            |    and   |      0|  0|   2|           1|           1|
    |overflow_5_fu_1420_p2            |    and   |      0|  0|   2|           1|           1|
    |overflow_6_fu_1936_p2            |    and   |      0|  0|   2|           1|           1|
    |overflow_7_fu_2034_p2            |    and   |      0|  0|   2|           1|           1|
    |overflow_8_fu_2393_p2            |    and   |      0|  0|   2|           1|           1|
    |overflow_9_fu_2565_p2            |    and   |      0|  0|   2|           1|           1|
    |overflow_fu_708_p2               |    and   |      0|  0|   2|           1|           1|
    |underflow_10_fu_2761_p2          |    and   |      0|  0|   2|           1|           1|
    |underflow_1_fu_1761_p2           |    and   |      0|  0|   2|           1|           1|
    |underflow_2_fu_866_p2            |    and   |      0|  0|   2|           1|           1|
    |underflow_3_fu_1024_p2           |    and   |      0|  0|   2|           1|           1|
    |underflow_4_fu_1444_p2           |    and   |      0|  0|   2|           1|           1|
    |underflow_5_fu_1671_p2           |    and   |      0|  0|   2|           1|           1|
    |underflow_6_fu_1960_p2           |    and   |      0|  0|   2|           1|           1|
    |underflow_7_fu_2058_p2           |    and   |      0|  0|   2|           1|           1|
    |underflow_8_fu_2417_p2           |    and   |      0|  0|   2|           1|           1|
    |underflow_9_fu_2589_p2           |    and   |      0|  0|   2|           1|           1|
    |underflow_fu_731_p2              |    and   |      0|  0|   2|           1|           1|
    |Range1_all_ones_1_fu_1560_p2     |   icmp   |      0|  0|   9|           3|           2|
    |Range1_all_ones_3_fu_950_p2      |   icmp   |      0|  0|   8|           2|           2|
    |Range1_all_ones_4_fu_1352_p2     |   icmp   |      0|  0|   9|           3|           2|
    |Range1_all_ones_6_fu_2325_p2     |   icmp   |      0|  0|   9|           3|           2|
    |Range1_all_ones_7_fu_2497_p2     |   icmp   |      0|  0|   9|           3|           2|
    |Range1_all_ones_8_fu_2669_p2     |   icmp   |      0|  0|  11|           5|           2|
    |Range1_all_ones_fu_657_p2        |   icmp   |      0|  0|   9|           3|           2|
    |Range1_all_zeros_1_fu_1566_p2    |   icmp   |      0|  0|   9|           3|           1|
    |Range1_all_zeros_2_fu_956_p2     |   icmp   |      0|  0|   8|           2|           1|
    |Range1_all_zeros_3_fu_1357_p2    |   icmp   |      0|  0|   9|           3|           1|
    |Range1_all_zeros_4_fu_2330_p2    |   icmp   |      0|  0|   9|           3|           1|
    |Range1_all_zeros_5_fu_2502_p2    |   icmp   |      0|  0|   9|           3|           1|
    |Range1_all_zeros_6_fu_2674_p2    |   icmp   |      0|  0|  11|           5|           1|
    |Range1_all_zeros_fu_663_p2       |   icmp   |      0|  0|   9|           3|           1|
    |Range2_all_ones_1_fu_1544_p2     |   icmp   |      0|  0|   8|           2|           2|
    |Range2_all_ones_4_fu_1347_p2     |   icmp   |      0|  0|   8|           2|           2|
    |Range2_all_ones_5_fu_2320_p2     |   icmp   |      0|  0|   8|           2|           2|
    |Range2_all_ones_6_fu_2492_p2     |   icmp   |      0|  0|   8|           2|           2|
    |Range2_all_ones_7_fu_2664_p2     |   icmp   |      0|  0|   9|           4|           2|
    |Range2_all_ones_fu_642_p2        |   icmp   |      0|  0|   8|           2|           2|
    |icmp_ln1497_fu_1848_p2           |   icmp   |      0|  0|   8|           2|           1|
    |icmp_ln27_fu_560_p2              |   icmp   |      0|  0|  11|           4|           5|
    |icmp_ln414_1_fu_1485_p2          |   icmp   |      0|  0|  13|          15|           1|
    |icmp_ln414_2_fu_752_p2           |   icmp   |      0|  0|  13|          15|           1|
    |icmp_ln414_3_fu_888_p2           |   icmp   |      0|  0|   8|           1|           1|
    |icmp_ln414_4_fu_1299_p2          |   icmp   |      0|  0|  13|          15|           1|
    |icmp_ln414_5_fu_2272_p2          |   icmp   |      0|  0|  13|          15|           1|
    |icmp_ln414_6_fu_2444_p2          |   icmp   |      0|  0|  13|          15|           1|
    |icmp_ln414_7_fu_2616_p2          |   icmp   |      0|  0|  13|          15|           1|
    |icmp_ln414_8_fu_1132_p2          |   icmp   |      0|  0|  13|          15|           1|
    |icmp_ln414_fu_586_p2             |   icmp   |      0|  0|   8|           1|           1|
    |icmp_ln59_fu_1812_p2             |   icmp   |      0|  0|  11|           8|           2|
    |icmp_ln785_1_fu_2016_p2          |   icmp   |      0|  0|   8|           2|           1|
    |icmp_ln785_fu_1918_p2            |   icmp   |      0|  0|   8|           2|           1|
    |icmp_ln786_1_fu_2046_p2          |   icmp   |      0|  0|   8|           2|           2|
    |icmp_ln786_fu_1948_p2            |   icmp   |      0|  0|   8|           2|           2|
    |tmp_last_V_fu_387_p2             |   icmp   |      0|  0|   9|           3|           2|
    |tmp_user_V_fu_577_p2             |   icmp   |      0|  0|   9|           3|           1|
    |ap_block_state1                  |    or    |      0|  0|   2|           1|           1|
    |ap_predicate_op325_write_state8  |    or    |      0|  0|   2|           1|           1|
    |or_ln30_fu_572_p2                |    or    |      0|  0|   3|           3|           3|
    |or_ln340_10_fu_1040_p2           |    or    |      0|  0|   2|           1|           1|
    |or_ln340_11_fu_1035_p2           |    or    |      0|  0|   2|           1|           1|
    |or_ln340_12_fu_1449_p2           |    or    |      0|  0|   2|           1|           1|
    |or_ln340_13_fu_1610_p2           |    or    |      0|  0|   2|           1|           1|
    |or_ln340_14_fu_1606_p2           |    or    |      0|  0|   2|           1|           1|
    |or_ln340_15_fu_1689_p2           |    or    |      0|  0|   2|           1|           1|
    |or_ln340_16_fu_2079_p2           |    or    |      0|  0|   2|           1|           1|
    |or_ln340_17_fu_2088_p2           |    or    |      0|  0|   2|           1|           1|
    |or_ln340_18_fu_2114_p2           |    or    |      0|  0|   2|           1|           1|
    |or_ln340_19_fu_2123_p2           |    or    |      0|  0|   2|           1|           1|
    |or_ln340_1_fu_1192_p2            |    or    |      0|  0|   2|           1|           1|
    |or_ln340_20_fu_2422_p2           |    or    |      0|  0|   2|           1|           1|
    |or_ln340_21_fu_2772_p2           |    or    |      0|  0|   2|           1|           1|
    |or_ln340_22_fu_2776_p2           |    or    |      0|  0|   2|           1|           1|
    |or_ln340_23_fu_2594_p2           |    or    |      0|  0|   2|           1|           1|
    |or_ln340_24_fu_2801_p2           |    or    |      0|  0|   2|           1|           1|
    |or_ln340_25_fu_2805_p2           |    or    |      0|  0|   2|           1|           1|
    |or_ln340_26_fu_2766_p2           |    or    |      0|  0|   2|           1|           1|
    |or_ln340_27_fu_2830_p2           |    or    |      0|  0|   2|           1|           1|
    |or_ln340_28_fu_2834_p2           |    or    |      0|  0|   2|           1|           1|
    |or_ln340_2_fu_1188_p2            |    or    |      0|  0|   2|           1|           1|
    |or_ln340_3_fu_1766_p2            |    or    |      0|  0|   2|           1|           1|
    |or_ln340_4_fu_1777_p2            |    or    |      0|  0|   2|           1|           1|
    |or_ln340_5_fu_1772_p2            |    or    |      0|  0|   2|           1|           1|
    |or_ln340_6_fu_871_p2             |    or    |      0|  0|   2|           1|           1|
    |or_ln340_7_fu_1221_p2            |    or    |      0|  0|   2|           1|           1|
    |or_ln340_8_fu_1217_p2            |    or    |      0|  0|   2|           1|           1|
    |or_ln340_9_fu_1029_p2            |    or    |      0|  0|   2|           1|           1|
    |or_ln340_fu_736_p2               |    or    |      0|  0|   2|           1|           1|
    |or_ln416_1_fu_808_p2             |    or    |      0|  0|   2|           1|           1|
    |or_ln416_fu_814_p2               |    or    |      0|  0|   2|           1|           1|
    |or_ln785_1_fu_1734_p2            |    or    |      0|  0|   2|           1|           1|
    |or_ln785_2_fu_831_p2             |    or    |      0|  0|   2|           1|           1|
    |or_ln785_3_fu_995_p2             |    or    |      0|  0|   2|           1|           1|
    |or_ln785_4_fu_1409_p2            |    or    |      0|  0|   2|           1|           1|
    |or_ln785_5_fu_1924_p2            |    or    |      0|  0|   2|           1|           1|
    |or_ln785_6_fu_2022_p2            |    or    |      0|  0|   2|           1|           1|
    |or_ln785_7_fu_2382_p2            |    or    |      0|  0|   2|           1|           1|
    |or_ln785_8_fu_2554_p2            |    or    |      0|  0|   2|           1|           1|
    |or_ln785_9_fu_2726_p2            |    or    |      0|  0|   2|           1|           1|
    |or_ln785_fu_702_p2               |    or    |      0|  0|   2|           1|           1|
    |or_ln786_10_fu_2749_p2           |    or    |      0|  0|   2|           1|           1|
    |or_ln786_1_fu_1954_p2            |    or    |      0|  0|   2|           1|           1|
    |or_ln786_2_fu_2052_p2            |    or    |      0|  0|   2|           1|           1|
    |or_ln786_3_fu_1174_p2            |    or    |      0|  0|   2|           1|           1|
    |or_ln786_4_fu_1750_p2            |    or    |      0|  0|   2|           1|           1|
    |or_ln786_5_fu_854_p2             |    or    |      0|  0|   2|           1|           1|
    |or_ln786_6_fu_1012_p2            |    or    |      0|  0|   2|           1|           1|
    |or_ln786_7_fu_1432_p2            |    or    |      0|  0|   2|           1|           1|
    |or_ln786_8_fu_2405_p2            |    or    |      0|  0|   2|           1|           1|
    |or_ln786_9_fu_2577_p2            |    or    |      0|  0|   2|           1|           1|
    |or_ln786_fu_719_p2               |    or    |      0|  0|   2|           1|           1|
    |deleted_ones_1_fu_1592_p3        |  select  |      0|  0|   2|           1|           1|
    |deleted_ones_2_fu_975_p3         |  select  |      0|  0|   2|           1|           1|
    |deleted_ones_3_fu_1389_p3        |  select  |      0|  0|   2|           1|           1|
    |deleted_ones_5_fu_2362_p3        |  select  |      0|  0|   2|           1|           1|
    |deleted_ones_6_fu_2534_p3        |  select  |      0|  0|   2|           1|           1|
    |deleted_ones_7_fu_2706_p3        |  select  |      0|  0|   2|           1|           1|
    |deleted_ones_fu_682_p3           |  select  |      0|  0|   2|           1|           1|
    |deleted_zeros_1_fu_1719_p3       |  select  |      0|  0|   2|           1|           1|
    |deleted_zeros_2_fu_962_p3        |  select  |      0|  0|   2|           1|           1|
    |deleted_zeros_3_fu_1362_p3       |  select  |      0|  0|   2|           1|           1|
    |deleted_zeros_4_fu_2335_p3       |  select  |      0|  0|   2|           1|           1|
    |deleted_zeros_5_fu_2507_p3       |  select  |      0|  0|   2|           1|           1|
    |deleted_zeros_6_fu_2679_p3       |  select  |      0|  0|   2|           1|           1|
    |deleted_zeros_fu_669_p3          |  select  |      0|  0|   2|           1|           1|
    |imag_btm_V_fu_1062_p3            |  select  |      0|  0|  18|           1|          18|
    |imag_top_V_fu_1232_p3            |  select  |      0|  0|  18|           1|          18|
    |isquare_V_fu_2822_p3             |  select  |      0|  0|  18|           1|          18|
    |p_Val2_17_fu_1627_p3             |  select  |      0|  0|  18|           1|          18|
    |real_btm_V_fu_1209_p3            |  select  |      0|  0|  18|           1|          18|
    |real_top_V_fu_1180_p3            |  select  |      0|  0|  19|           1|          18|
    |rsquare_V_fu_2793_p3             |  select  |      0|  0|  18|           1|          18|
    |select_ln340_10_fu_2810_p3       |  select  |      0|  0|  18|           1|          17|
    |select_ln340_11_fu_2839_p3       |  select  |      0|  0|  18|           1|          17|
    |select_ln340_1_fu_1783_p3        |  select  |      0|  0|  18|           1|          17|
    |select_ln340_2_fu_351_p3         |  select  |      0|  0|  17|           1|           2|
    |select_ln340_3_fu_877_p3         |  select  |      0|  0|  18|           1|          17|
    |select_ln340_4_fu_1046_p3        |  select  |      0|  0|  18|           1|          17|
    |select_ln340_5_fu_1615_p3        |  select  |      0|  0|  18|           1|          17|
    |select_ln340_6_fu_1695_p3        |  select  |      0|  0|  18|           1|          17|
    |select_ln340_7_fu_2093_p3        |  select  |      0|  0|  18|           1|          17|
    |select_ln340_8_fu_2128_p3        |  select  |      0|  0|  18|           1|          17|
    |select_ln340_9_fu_2781_p3        |  select  |      0|  0|  18|           1|          17|
    |select_ln340_fu_1197_p3          |  select  |      0|  0|  18|           1|          17|
    |select_ln388_10_fu_2845_p3       |  select  |      0|  0|  19|           1|          19|
    |select_ln388_1_fu_1790_p3        |  select  |      0|  0|  19|           1|          19|
    |select_ln388_2_fu_1226_p3        |  select  |      0|  0|  19|           1|          19|
    |select_ln388_3_fu_1054_p3        |  select  |      0|  0|  19|           1|          19|
    |select_ln388_4_fu_1621_p3        |  select  |      0|  0|  19|           1|          19|
    |select_ln388_5_fu_1703_p3        |  select  |      0|  0|  19|           1|          19|
    |select_ln388_6_fu_2100_p3        |  select  |      0|  0|  19|           1|          19|
    |select_ln388_7_fu_2135_p3        |  select  |      0|  0|  19|           1|          19|
    |select_ln388_8_fu_2787_p3        |  select  |      0|  0|  19|           1|          19|
    |select_ln388_9_fu_2816_p3        |  select  |      0|  0|  19|           1|          19|
    |select_ln388_fu_1203_p3          |  select  |      0|  0|  19|           1|          19|
    |select_ln785_fu_1090_p3          |  select  |      0|  0|  17|           1|           2|
    |x0_V_fu_1797_p3                  |  select  |      0|  0|  18|           1|          18|
    |x_V_fu_2141_p3                   |  select  |      0|  0|  18|           1|          18|
    |y0_V_fu_1711_p3                  |  select  |      0|  0|  18|           1|          18|
    |y_V_fu_2106_p3                   |  select  |      0|  0|  18|           1|          18|
    |zsquare_V_fu_2851_p3             |  select  |      0|  0|  18|           1|          18|
    |carry_fu_1160_p2                 |    xor   |      0|  0|   2|           1|           2|
    |p_Result_9_fu_537_p2             |    xor   |      0|  0|   2|           1|           2|
    |ret_V_11_fu_531_p2               |    xor   |      0|  0|  31|          30|          31|
    |xor_ln340_1_fu_1683_p2           |    xor   |      0|  0|   2|           1|           2|
    |xor_ln340_2_fu_2083_p2           |    xor   |      0|  0|   2|           1|           2|
    |xor_ln340_3_fu_2118_p2           |    xor   |      0|  0|   2|           1|           2|
    |xor_ln340_fu_1677_p2             |    xor   |      0|  0|   2|           1|           1|
    |xor_ln416_2_fu_614_p2            |    xor   |      0|  0|   2|           1|           2|
    |xor_ln416_3_fu_1514_p2           |    xor   |      0|  0|   2|           1|           2|
    |xor_ln416_4_fu_784_p2            |    xor   |      0|  0|   2|           1|           2|
    |xor_ln416_5_fu_803_p2            |    xor   |      0|  0|   2|           1|           2|
    |xor_ln416_6_fu_1327_p2           |    xor   |      0|  0|   2|           1|           2|
    |xor_ln416_7_fu_2300_p2           |    xor   |      0|  0|   2|           1|           2|
    |xor_ln416_8_fu_2472_p2           |    xor   |      0|  0|   2|           1|           2|
    |xor_ln416_9_fu_2644_p2           |    xor   |      0|  0|   2|           1|           2|
    |xor_ln416_fu_923_p2              |    xor   |      0|  0|   2|           1|           2|
    |xor_ln779_1_fu_515_p2            |    xor   |      0|  0|   2|           1|           2|
    |xor_ln779_2_fu_1580_p2           |    xor   |      0|  0|   2|           1|           2|
    |xor_ln779_3_fu_1377_p2           |    xor   |      0|  0|   2|           1|           2|
    |xor_ln779_4_fu_2350_p2           |    xor   |      0|  0|   2|           1|           2|
    |xor_ln779_5_fu_2522_p2           |    xor   |      0|  0|   2|           1|           2|
    |xor_ln779_6_fu_2694_p2           |    xor   |      0|  0|   2|           1|           2|
    |xor_ln779_fu_456_p2              |    xor   |      0|  0|   2|           1|           2|
    |xor_ln785_10_fu_2028_p2          |    xor   |      0|  0|   2|           1|           2|
    |xor_ln785_11_fu_2376_p2          |    xor   |      0|  0|   2|           1|           2|
    |xor_ln785_12_fu_2388_p2          |    xor   |      0|  0|   2|           1|           2|
    |xor_ln785_13_fu_2548_p2          |    xor   |      0|  0|   2|           1|           2|
    |xor_ln785_14_fu_2560_p2          |    xor   |      0|  0|   2|           1|           2|
    |xor_ln785_15_fu_2720_p2          |    xor   |      0|  0|   2|           1|           2|
    |xor_ln785_16_fu_2732_p2          |    xor   |      0|  0|   2|           1|           2|
    |xor_ln785_1_fu_521_p2            |    xor   |      0|  0|   2|           1|           2|
    |xor_ln785_2_fu_696_p2            |    xor   |      0|  0|   2|           1|           2|
    |xor_ln785_3_fu_1728_p2           |    xor   |      0|  0|   2|           1|           2|
    |xor_ln785_4_fu_1739_p2           |    xor   |      0|  0|   2|           1|           2|
    |xor_ln785_5_fu_825_p2            |    xor   |      0|  0|   2|           1|           1|
    |xor_ln785_6_fu_989_p2            |    xor   |      0|  0|   2|           1|           2|
    |xor_ln785_7_fu_1403_p2           |    xor   |      0|  0|   2|           1|           2|
    |xor_ln785_8_fu_1415_p2           |    xor   |      0|  0|   2|           1|           2|
    |xor_ln785_9_fu_1930_p2           |    xor   |      0|  0|   2|           1|           2|
    |xor_ln785_fu_462_p2              |    xor   |      0|  0|   2|           1|           2|
    |xor_ln786_10_fu_2755_p2          |    xor   |      0|  0|   2|           1|           2|
    |xor_ln786_1_fu_1755_p2           |    xor   |      0|  0|   2|           1|           2|
    |xor_ln786_2_fu_860_p2            |    xor   |      0|  0|   2|           1|           2|
    |xor_ln786_3_fu_1018_p2           |    xor   |      0|  0|   2|           1|           2|
    |xor_ln786_4_fu_1438_p2           |    xor   |      0|  0|   2|           1|           2|
    |xor_ln786_5_fu_1665_p2           |    xor   |      0|  0|   2|           1|           2|
    |xor_ln786_6_fu_1942_p2           |    xor   |      0|  0|   2|           1|           2|
    |xor_ln786_7_fu_2040_p2           |    xor   |      0|  0|   2|           1|           2|
    |xor_ln786_8_fu_2411_p2           |    xor   |      0|  0|   2|           1|           2|
    |xor_ln786_9_fu_2583_p2           |    xor   |      0|  0|   2|           1|           2|
    |xor_ln786_fu_725_p2              |    xor   |      0|  0|   2|           1|           2|
    +---------------------------------+----------+-------+---+----+------------+------------+
    |Total                            |          |      0|  0|2054|         873|        1398|
    +---------------------------------+----------+-------+---+----+------------+------------+

    * Multiplexer: 
    +--------------------------+----+-----------+-----+-----------+
    |           Name           | LUT| Input Size| Bits| Total Bits|
    +--------------------------+----+-----------+-----+-----------+
    |ap_NS_fsm                 |  56|         13|    1|         13|
    |ap_done                   |   9|          2|    1|          2|
    |grp_fu_317_p1             |  15|          3|   35|        105|
    |grp_fu_324_p1             |  15|          3|   30|         90|
    |m_axis_video_TDATA_blk_n  |   9|          2|    1|          2|
    |p_Val2_20_reg_273         |   9|          2|   18|         36|
    |p_Val2_21_reg_284         |   9|          2|   18|         36|
    |p_Val2_22_reg_295         |   9|          2|   18|         36|
    |p_Val2_s_reg_261          |   9|          2|    4|          8|
    |pixel_R_reg_306           |   9|          2|    8|         16|
    +--------------------------+----+-----------+-----+-----------+
    |Total                     | 149|         33|  134|        344|
    +--------------------------+----+-----------+-----+-----------+

    * Register: 
    +-----------------------------+----+----+-----+-----------+
    |             Name            | FF | LUT| Bits| Const Bits|
    +-----------------------------+----+----+-----+-----------+
    |Range1_all_ones_1_reg_3226   |   1|   0|    1|          0|
    |Range1_all_zeros_1_reg_3232  |   1|   0|    1|          0|
    |and_ln781_2_reg_3097         |   1|   0|    1|          0|
    |and_ln781_4_reg_3178         |   1|   0|    1|          0|
    |and_ln781_5_reg_3424         |   1|   0|    1|          0|
    |and_ln781_6_reg_3455         |   1|   0|    1|          0|
    |and_ln781_7_reg_3486         |   1|   0|    1|          0|
    |and_ln781_reg_3072           |   1|   0|    1|          0|
    |and_ln786_14_reg_3434        |   1|   0|    1|          0|
    |and_ln786_16_reg_3465        |   1|   0|    1|          0|
    |and_ln786_18_reg_3496        |   1|   0|    1|          0|
    |and_ln786_2_reg_3237         |   1|   0|    1|          0|
    |and_ln786_5_reg_3102         |   1|   0|    1|          0|
    |and_ln786_9_reg_3188         |   1|   0|    1|          0|
    |and_ln786_reg_3077           |   1|   0|    1|          0|
    |ap_CS_fsm                    |  12|   0|   12|          0|
    |ap_done_reg                  |   1|   0|    1|          0|
    |carry_4_reg_3215             |   1|   0|    1|          0|
    |col_reg_3056                 |   4|   0|    4|          0|
    |imag_btm_V_reg_3117          |  18|   0|   18|          0|
    |iter_reg_3267                |   8|   0|    8|          0|
    |or_ln340_12_reg_3198         |   1|   0|    1|          0|
    |or_ln340_20_reg_3444         |   1|   0|    1|          0|
    |or_ln340_23_reg_3475         |   1|   0|    1|          0|
    |or_ln340_26_reg_3506         |   1|   0|    1|          0|
    |or_ln340_reg_3087            |   1|   0|    1|          0|
    |overflow_6_reg_3281          |   1|   0|    1|          0|
    |overflow_7_reg_3300          |   1|   0|    1|          0|
    |p_Result_10_reg_3047         |   1|   0|    1|          0|
    |p_Result_110_i_i_reg_3151    |   2|   0|    2|          0|
    |p_Result_111_i_i_reg_3156    |   3|   0|    3|          0|
    |p_Result_123_i_i_reg_3347    |   2|   0|    2|          0|
    |p_Result_124_i_i_reg_3352    |   3|   0|    3|          0|
    |p_Result_128_i_i_reg_3377    |   2|   0|    2|          0|
    |p_Result_129_i_i_reg_3382    |   3|   0|    3|          0|
    |p_Result_12_reg_3003         |   1|   0|    1|          0|
    |p_Result_133_i_i_reg_3407    |   4|   0|    4|          0|
    |p_Result_134_i_i_reg_3412    |   5|   0|    5|          0|
    |p_Result_13_reg_3009         |   1|   0|    1|          0|
    |p_Result_15_reg_3139         |   1|   0|    1|          0|
    |p_Result_24_reg_3335         |   1|   0|    1|          0|
    |p_Result_27_reg_3365         |   1|   0|    1|          0|
    |p_Result_2_reg_2961          |   1|   0|    1|          0|
    |p_Result_30_reg_3395         |   1|   0|    1|          0|
    |p_Result_3_reg_2972          |   1|   0|    1|          0|
    |p_Result_5_reg_3203          |   1|   0|    1|          0|
    |p_Result_7_reg_3221          |   1|   0|    1|          0|
    |p_Result_9_reg_3036          |   1|   0|    1|          0|
    |p_Val2_16_reg_3172           |  18|   0|   18|          0|
    |p_Val2_20_reg_273            |  18|   0|   18|          0|
    |p_Val2_21_reg_284            |  18|   0|   18|          0|
    |p_Val2_22_reg_295            |  18|   0|   18|          0|
    |p_Val2_27_reg_3275           |  18|   0|   18|          0|
    |p_Val2_31_reg_3294           |  18|   0|   18|          0|
    |p_Val2_34_reg_3418           |  18|   0|   18|          0|
    |p_Val2_37_reg_3449           |  18|   0|   18|          0|
    |p_Val2_3_reg_2967            |  18|   0|   18|          0|
    |p_Val2_42_reg_3480           |  18|   0|   18|          0|
    |p_Val2_4_reg_3066            |  18|   0|   18|          0|
    |p_Val2_8_reg_3209            |  18|   0|   18|          0|
    |p_Val2_s_reg_261             |   4|   0|    4|          0|
    |pixel_R_reg_306              |   8|   0|    8|          0|
    |r_V_11_reg_2954              |  21|   0|   36|         15|
    |r_V_12_reg_3162              |  36|   0|   36|          0|
    |r_V_14_reg_2993              |  19|   0|   35|         16|
    |r_V_15_reg_3132              |  36|   0|   36|          0|
    |r_V_16_reg_3328              |  36|   0|   36|          0|
    |r_V_17_reg_3358              |  36|   0|   36|          0|
    |r_V_18_reg_3388              |  38|   0|   38|          0|
    |real_btm_V_reg_3127          |  18|   0|   18|          0|
    |real_top_V_reg_3122          |  18|   0|   18|          0|
    |ret_V_11_reg_3030            |  30|   0|   30|          0|
    |ret_V_9_reg_3323             |  19|   0|   19|          0|
    |rhs_V_3_reg_3259             |  20|   0|   20|          0|
    |select_ln340_3_reg_3112      |  18|   0|   18|          0|
    |sext_ln415_1_reg_3092        |  18|   0|   18|          0|
    |sext_ln703_2_reg_3254        |  20|   0|   20|          0|
    |sext_ln703_reg_3025          |  19|   0|   19|          0|
    |sext_ln713_reg_3042          |  16|   0|   16|          0|
    |sext_ln728_reg_2988          |  21|   0|   36|         15|
    |tmp_12_reg_2927              |   1|   0|    1|          0|
    |tmp_14_reg_2934              |   1|   0|    1|          0|
    |tmp_15_reg_2939              |   1|   0|    1|          0|
    |tmp_last_V_reg_2949          |   1|   0|    1|          0|
    |tmp_user_V_reg_3061          |   1|   0|    1|          0|
    |trunc_ln414_1_reg_3167       |  15|   0|   15|          0|
    |trunc_ln414_2_reg_3146       |  15|   0|   15|          0|
    |trunc_ln414_3_reg_3342       |  15|   0|   15|          0|
    |trunc_ln414_4_reg_3372       |  15|   0|   15|          0|
    |trunc_ln414_5_reg_3402       |  15|   0|   15|          0|
    |trunc_ln703_reg_2922         |  30|   0|   30|          0|
    |underflow_10_reg_3501        |   1|   0|    1|          0|
    |underflow_2_reg_3107         |   1|   0|    1|          0|
    |underflow_4_reg_3193         |   1|   0|    1|          0|
    |underflow_6_reg_3287         |   1|   0|    1|          0|
    |underflow_7_reg_3306         |   1|   0|    1|          0|
    |underflow_8_reg_3439         |   1|   0|    1|          0|
    |underflow_9_reg_3470         |   1|   0|    1|          0|
    |underflow_reg_3082           |   1|   0|    1|          0|
    |x0_V_reg_3249                |  18|   0|   18|          0|
    |x_V_reg_3318                 |  18|   0|   18|          0|
    |xor_ln779_1_reg_3014         |   1|   0|    1|          0|
    |xor_ln779_reg_2977           |   1|   0|    1|          0|
    |xor_ln785_12_reg_3429        |   1|   0|    1|          0|
    |xor_ln785_14_reg_3460        |   1|   0|    1|          0|
    |xor_ln785_16_reg_3491        |   1|   0|    1|          0|
    |xor_ln785_1_reg_3019         |   1|   0|    1|          0|
    |xor_ln785_8_reg_3183         |   1|   0|    1|          0|
    |xor_ln785_reg_2982           |   1|   0|    1|          0|
    |y0_V_reg_3243                |  18|   0|   18|          0|
    |y_V_reg_3313                 |  18|   0|   18|          0|
    +-----------------------------+----+----+-----+-----------+
    |Total                        | 967|   0| 1013|         46|
    +-----------------------------+----+----+-----+-----------+



================================================================
== Interface
================================================================
* Summary: 
+---------------------+-----+-----+------------+-----------------------+--------------+
|      RTL Ports      | Dir | Bits|  Protocol  |     Source Object     |    C Type    |
+---------------------+-----+-----+------------+-----------------------+--------------+
|ap_clk               |  in |    1| ap_ctrl_hs |       inner_proc      | return value |
|ap_rst               |  in |    1| ap_ctrl_hs |       inner_proc      | return value |
|ap_start             |  in |    1| ap_ctrl_hs |       inner_proc      | return value |
|ap_done              | out |    1| ap_ctrl_hs |       inner_proc      | return value |
|ap_continue          |  in |    1| ap_ctrl_hs |       inner_proc      | return value |
|ap_idle              | out |    1| ap_ctrl_hs |       inner_proc      | return value |
|ap_ready             | out |    1| ap_ctrl_hs |       inner_proc      | return value |
|v_assign             |  in |    3|   ap_none  |        v_assign       |    scalar    |
|m_axis_video_TDATA   | out |   24|    axis    | m_axis_video_V_data_V |    pointer   |
|m_axis_video_TREADY  |  in |    1|    axis    | m_axis_video_V_data_V |    pointer   |
|m_axis_video_TVALID  | out |    1|    axis    | m_axis_video_V_dest_V |    pointer   |
|m_axis_video_TDEST   | out |    1|    axis    | m_axis_video_V_dest_V |    pointer   |
|m_axis_video_TKEEP   | out |    3|    axis    | m_axis_video_V_keep_V |    pointer   |
|m_axis_video_TSTRB   | out |    3|    axis    | m_axis_video_V_strb_V |    pointer   |
|m_axis_video_TUSER   | out |    1|    axis    | m_axis_video_V_user_V |    pointer   |
|m_axis_video_TLAST   | out |    1|    axis    | m_axis_video_V_last_V |    pointer   |
|m_axis_video_TID     | out |    1|    axis    |  m_axis_video_V_id_V  |    pointer   |
|im_V                 |  in |   18|   ap_none  |          im_V         |    scalar    |
|re_V                 |  in |   18|   ap_none  |          re_V         |    scalar    |
|zoom_factor_V        |  in |   18|   ap_none  |     zoom_factor_V     |    scalar    |
+---------------------+-----+-----+------------+-----------------------+--------------+

