

================================================================
== Vivado HLS Report for 'video_mandelbrot_generator'
================================================================
* Date:           Tue Feb  4 23:56:59 2020

* Version:        2019.1 (Build 2552052 on Fri May 24 15:28:33 MDT 2019)
* Project:        Video_Mandelbrot_Generator
* Solution:       solution1
* Product family: artix7
* Target device:  xc7a35t-cpg236-1


================================================================
== Performance Estimates
================================================================
+ Timing (ns): 
    * Summary: 
    +--------+-------+----------+------------+
    |  Clock | Target| Estimated| Uncertainty|
    +--------+-------+----------+------------+
    |ap_clk  |  10.00|     8.666|        1.25|
    +--------+-------+----------+------------+

+ Latency (clock cycles): 
    * Summary: 
    +-----+-----+-----+-----+---------+
    |  Latency  |  Interval | Pipeline|
    | min | max | min | max |   Type  |
    +-----+-----+-----+-----+---------+
    |    ?|    ?|    ?|    ?|   none  |
    +-----+-----+-----+-----+---------+

    + Detail: 
        * Instance: 
        N/A

        * Loop: 
        +------------------+-----+-----+----------+-----------+-----------+------+----------+
        |                  |  Latency  | Iteration|  Initiation Interval  | Trip |          |
        |     Loop Name    | min | max |  Latency |  achieved |   target  | Count| Pipelined|
        +------------------+-----+-----+----------+-----------+-----------+------+----------+
        |- outer           |    ?|    ?|         ?|          -|          -|   600|    no    |
        | + inner          |    ?|    ?|         ?|          -|          -|   800|    no    |
        |  ++ mandel_calc  |    ?|    ?|         5|          -|          -|     ?|    no    |
        +------------------+-----+-----+----------+-----------+-----------+------+----------+



================================================================
== Utilization Estimates
================================================================
* Summary: 
+-----------------+---------+-------+-------+-------+-----+
|       Name      | BRAM_18K| DSP48E|   FF  |  LUT  | URAM|
+-----------------+---------+-------+-------+-------+-----+
|DSP              |        -|      5|      -|      -|    -|
|Expression       |        -|      -|      0|   2130|    -|
|FIFO             |        -|      -|      -|      -|    -|
|Instance         |        0|      -|    108|    148|    -|
|Memory           |        -|      -|      -|      -|    -|
|Multiplexer      |        -|      -|      -|    278|    -|
|Register         |        -|      -|   1056|      -|    -|
+-----------------+---------+-------+-------+-------+-----+
|Total            |        0|      5|   1164|   2556|    0|
+-----------------+---------+-------+-------+-------+-----+
|Available        |      100|     90|  41600|  20800|    0|
+-----------------+---------+-------+-------+-------+-----+
|Utilization (%)  |        0|      5|      2|     12|    0|
+-----------------+---------+-------+-------+-------+-----+

+ Detail: 
    * Instance: 
    +----------------------------------------+--------------------------------------+---------+-------+-----+-----+-----+
    |                Instance                |                Module                | BRAM_18K| DSP48E|  FF | LUT | URAM|
    +----------------------------------------+--------------------------------------+---------+-------+-----+-----+-----+
    |video_mandelbrot_generator_cmd_s_axi_U  |video_mandelbrot_generator_cmd_s_axi  |        0|      0|  108|  148|    0|
    +----------------------------------------+--------------------------------------+---------+-------+-----+-----+-----+
    |Total                                   |                                      |        0|      0|  108|  148|    0|
    +----------------------------------------+--------------------------------------+---------+-------+-----+-----+-----+

    * DSP48E: 
    +------------------------------------------------------+---------------------------------------------------+-----------+
    |                       Instance                       |                       Module                      | Expression|
    +------------------------------------------------------+---------------------------------------------------+-----------+
    |video_mandelbrot_generator_mul_mul_18s_18s_36_1_1_U1  |video_mandelbrot_generator_mul_mul_18s_18s_36_1_1  |  i0 * i1  |
    |video_mandelbrot_generator_mul_mul_18s_18s_36_1_1_U2  |video_mandelbrot_generator_mul_mul_18s_18s_36_1_1  |  i0 * i1  |
    |video_mandelbrot_generator_mul_mul_18s_18s_36_1_1_U3  |video_mandelbrot_generator_mul_mul_18s_18s_36_1_1  |  i0 * i0  |
    |video_mandelbrot_generator_mul_mul_18s_18s_36_1_1_U4  |video_mandelbrot_generator_mul_mul_18s_18s_36_1_1  |  i0 * i0  |
    |video_mandelbrot_generator_mul_mul_19s_19s_38_1_1_U5  |video_mandelbrot_generator_mul_mul_19s_19s_38_1_1  |  i0 * i0  |
    +------------------------------------------------------+---------------------------------------------------+-----------+

    * Memory: 
    N/A

    * FIFO: 
    N/A

    * Expression: 
    +-------------------------------------+----------+-------+---+----+------------+------------+
    |            Variable Name            | Operation| DSP48E| FF| LUT| Bitwidth P0| Bitwidth P1|
    +-------------------------------------+----------+-------+---+----+------------+------------+
    |add_ln25_fu_468_p2                   |     +    |      0|  0|  22|          15|           6|
    |col_fu_522_p2                        |     +    |      0|  0|  17|          10|           1|
    |iter_fu_1709_p2                      |     +    |      0|  0|  15|           8|           1|
    |p_Val2_15_fu_1178_p2                 |     +    |      0|  0|  25|          18|          18|
    |p_Val2_18_fu_1517_p2                 |     +    |      0|  0|  25|          18|          18|
    |p_Val2_24_fu_1742_p2                 |     +    |      0|  0|  25|          18|          18|
    |p_Val2_2_fu_984_p2                   |     +    |      0|  0|  22|          15|          15|
    |p_Val2_30_fu_1854_p2                 |     +    |      0|  0|  25|          18|          18|
    |p_Val2_33_fu_2143_p2                 |     +    |      0|  0|  25|          18|          18|
    |p_Val2_36_fu_2315_p2                 |     +    |      0|  0|  25|          18|          18|
    |p_Val2_41_fu_2487_p2                 |     +    |      0|  0|  25|          18|          18|
    |p_Val2_5_fu_558_p2                   |     +    |      0|  0|  25|          18|          18|
    |p_Val2_9_fu_1365_p2                  |     +    |      0|  0|  25|          18|          18|
    |r_V_13_fu_954_p2                     |     +    |      0|  0|  22|          15|          15|
    |ret_V_10_fu_2014_p2                  |     +    |      0|  0|  26|          19|          19|
    |ret_V_12_fu_1320_p2                  |     +    |      0|  0|  43|          36|          36|
    |ret_V_14_fu_1504_p2                  |     +    |      0|  0|  26|          19|          19|
    |ret_V_16_fu_1729_p2                  |     +    |      0|  0|  27|          20|          20|
    |ret_V_19_fu_1841_p2                  |     +    |      0|  0|  27|          20|          20|
    |ret_V_fu_1685_p2                     |     +    |      0|  0|  26|          19|          19|
    |row_fu_480_p2                        |     +    |      0|  0|  17|          10|           1|
    |r_V_14_fu_353_p2                     |     -    |      0|  0|  43|          36|          36|
    |r_V_16_fu_429_p2                     |     -    |      0|  0|  42|           1|          35|
    |ret_V_15_fu_1715_p2                  |     -    |      0|  0|  26|          19|          19|
    |ret_V_17_fu_1817_p2                  |     -    |      0|  0|  26|          19|          19|
    |ret_V_18_fu_1831_p2                  |     -    |      0|  0|  27|          20|          20|
    |VIDEO_OUT_V_data_V_1_load_A          |    and   |      0|  0|   2|           1|           1|
    |VIDEO_OUT_V_data_V_1_load_B          |    and   |      0|  0|   2|           1|           1|
    |VIDEO_OUT_V_last_V_1_load_A          |    and   |      0|  0|   2|           1|           1|
    |VIDEO_OUT_V_last_V_1_load_B          |    and   |      0|  0|   2|           1|           1|
    |VIDEO_OUT_V_user_V_1_load_A          |    and   |      0|  0|   2|           1|           1|
    |VIDEO_OUT_V_user_V_1_load_B          |    and   |      0|  0|   2|           1|           1|
    |and_ln414_1_fu_758_p2                |    and   |      0|  0|   2|           1|           1|
    |and_ln414_fu_549_p2                  |    and   |      0|  0|   2|           1|           1|
    |and_ln61_fu_1703_p2                  |    and   |      0|  0|   2|           1|           1|
    |and_ln700_1_fu_1169_p2               |    and   |      0|  0|   2|           1|           1|
    |and_ln700_2_fu_2134_p2               |    and   |      0|  0|   2|           1|           1|
    |and_ln700_3_fu_2306_p2               |    and   |      0|  0|   2|           1|           1|
    |and_ln700_4_fu_2478_p2               |    and   |      0|  0|   2|           1|           1|
    |and_ln700_fu_1355_p2                 |    and   |      0|  0|   2|           1|           1|
    |and_ln779_1_fu_1451_p2               |    and   |      0|  0|   2|           1|           1|
    |and_ln779_2_fu_834_p2                |    and   |      0|  0|   2|           1|           1|
    |and_ln779_3_fu_1248_p2               |    and   |      0|  0|   2|           1|           1|
    |and_ln779_4_fu_2213_p2               |    and   |      0|  0|   2|           1|           1|
    |and_ln779_5_fu_2385_p2               |    and   |      0|  0|   2|           1|           1|
    |and_ln779_6_fu_2557_p2               |    and   |      0|  0|   2|           1|           1|
    |and_ln779_fu_634_p2                  |    and   |      0|  0|   2|           1|           1|
    |and_ln781_1_fu_1589_p2               |    and   |      0|  0|   2|           1|           1|
    |and_ln781_2_fu_847_p2                |    and   |      0|  0|   2|           1|           1|
    |and_ln781_3_fu_1262_p2               |    and   |      0|  0|   2|           1|           1|
    |and_ln781_4_fu_2227_p2               |    and   |      0|  0|   2|           1|           1|
    |and_ln781_5_fu_2399_p2               |    and   |      0|  0|   2|           1|           1|
    |and_ln781_6_fu_2571_p2               |    and   |      0|  0|   2|           1|           1|
    |and_ln781_fu_647_p2                  |    and   |      0|  0|   2|           1|           1|
    |and_ln786_12_fu_2256_p2              |    and   |      0|  0|   2|           1|           1|
    |and_ln786_14_fu_2428_p2              |    and   |      0|  0|   2|           1|           1|
    |and_ln786_16_fu_2600_p2              |    and   |      0|  0|   2|           1|           1|
    |and_ln786_1_fu_1022_p2               |    and   |      0|  0|   2|           1|           1|
    |and_ln786_2_fu_1465_p2               |    and   |      0|  0|   2|           1|           1|
    |and_ln786_5_fu_870_p2                |    and   |      0|  0|   2|           1|           1|
    |and_ln786_7_fu_1291_p2               |    and   |      0|  0|   2|           1|           1|
    |and_ln786_fu_670_p2                  |    and   |      0|  0|   2|           1|           1|
    |ap_block_state8_io                   |    and   |      0|  0|   2|           1|           1|
    |carry_11_fu_2335_p2                  |    and   |      0|  0|   2|           1|           1|
    |carry_13_fu_2507_p2                  |    and   |      0|  0|   2|           1|           1|
    |carry_1_fu_577_p2                    |    and   |      0|  0|   2|           1|           1|
    |carry_3_fu_1385_p2                   |    and   |      0|  0|   2|           1|           1|
    |carry_5_fu_793_p2                    |    and   |      0|  0|   2|           1|           1|
    |carry_7_fu_1198_p2                   |    and   |      0|  0|   2|           1|           1|
    |carry_9_fu_2163_p2                   |    and   |      0|  0|   2|           1|           1|
    |overflow_1_fu_665_p2                 |    and   |      0|  0|   2|           1|           1|
    |overflow_2_fu_1609_p2                |    and   |      0|  0|   2|           1|           1|
    |overflow_3_fu_865_p2                 |    and   |      0|  0|   2|           1|           1|
    |overflow_4_fu_1285_p2                |    and   |      0|  0|   2|           1|           1|
    |overflow_5_fu_1783_p2                |    and   |      0|  0|   2|           1|           1|
    |overflow_6_fu_1895_p2                |    and   |      0|  0|   2|           1|           1|
    |overflow_7_fu_2250_p2                |    and   |      0|  0|   2|           1|           1|
    |overflow_8_fu_2422_p2                |    and   |      0|  0|   2|           1|           1|
    |overflow_9_fu_2594_p2                |    and   |      0|  0|   2|           1|           1|
    |overflow_fu_1016_p2                  |    and   |      0|  0|   2|           1|           1|
    |underflow_10_fu_2446_p2              |    and   |      0|  0|   2|           1|           1|
    |underflow_11_fu_2618_p2              |    and   |      0|  0|   2|           1|           1|
    |underflow_1_fu_688_p2                |    and   |      0|  0|   2|           1|           1|
    |underflow_2_fu_1626_p2               |    and   |      0|  0|   2|           1|           1|
    |underflow_3_fu_712_p2                |    and   |      0|  0|   2|           1|           1|
    |underflow_4_fu_888_p2                |    and   |      0|  0|   2|           1|           1|
    |underflow_5_fu_1309_p2               |    and   |      0|  0|   2|           1|           1|
    |underflow_6_fu_1536_p2               |    and   |      0|  0|   2|           1|           1|
    |underflow_7_fu_1807_p2               |    and   |      0|  0|   2|           1|           1|
    |underflow_8_fu_1919_p2               |    and   |      0|  0|   2|           1|           1|
    |underflow_9_fu_2274_p2               |    and   |      0|  0|   2|           1|           1|
    |Range1_all_ones_1_fu_1425_p2         |   icmp   |      0|  0|   9|           3|           2|
    |Range1_all_ones_2_fu_814_p2          |   icmp   |      0|  0|   8|           2|           2|
    |Range1_all_ones_3_fu_1217_p2         |   icmp   |      0|  0|   9|           3|           2|
    |Range1_all_ones_5_fu_2182_p2         |   icmp   |      0|  0|   9|           3|           2|
    |Range1_all_ones_6_fu_2354_p2         |   icmp   |      0|  0|   9|           3|           2|
    |Range1_all_ones_7_fu_2526_p2         |   icmp   |      0|  0|  11|           5|           2|
    |Range1_all_ones_fu_614_p2            |   icmp   |      0|  0|   9|           3|           2|
    |Range1_all_zeros_1_fu_1431_p2        |   icmp   |      0|  0|   9|           3|           1|
    |Range1_all_zeros_2_fu_820_p2         |   icmp   |      0|  0|   8|           2|           1|
    |Range1_all_zeros_3_fu_1222_p2        |   icmp   |      0|  0|   9|           3|           1|
    |Range1_all_zeros_4_fu_2187_p2        |   icmp   |      0|  0|   9|           3|           1|
    |Range1_all_zeros_5_fu_2359_p2        |   icmp   |      0|  0|   9|           3|           1|
    |Range1_all_zeros_6_fu_2531_p2        |   icmp   |      0|  0|  11|           5|           1|
    |Range1_all_zeros_fu_620_p2           |   icmp   |      0|  0|   9|           3|           1|
    |Range2_all_ones_1_fu_1409_p2         |   icmp   |      0|  0|   8|           2|           2|
    |Range2_all_ones_3_fu_1212_p2         |   icmp   |      0|  0|   8|           2|           2|
    |Range2_all_ones_4_fu_2177_p2         |   icmp   |      0|  0|   8|           2|           2|
    |Range2_all_ones_5_fu_2349_p2         |   icmp   |      0|  0|   8|           2|           2|
    |Range2_all_ones_6_fu_2521_p2         |   icmp   |      0|  0|   9|           4|           2|
    |Range2_all_ones_fu_599_p2            |   icmp   |      0|  0|   8|           2|           2|
    |VIDEO_OUT_V_data_V_1_state_cmp_full  |   icmp   |      0|  0|   8|           2|           1|
    |VIDEO_OUT_V_last_V_1_state_cmp_full  |   icmp   |      0|  0|   8|           2|           1|
    |VIDEO_OUT_V_user_V_1_state_cmp_full  |   icmp   |      0|  0|   8|           2|           1|
    |icmp_ln1495_fu_1691_p2               |   icmp   |      0|  0|  18|          19|          17|
    |icmp_ln25_fu_474_p2                  |   icmp   |      0|  0|  13|          10|          10|
    |icmp_ln27_fu_516_p2                  |   icmp   |      0|  0|  13|          10|           9|
    |icmp_ln414_1_fu_1350_p2              |   icmp   |      0|  0|  13|          15|           1|
    |icmp_ln414_2_fu_752_p2               |   icmp   |      0|  0|   8|           1|           1|
    |icmp_ln414_3_fu_1164_p2              |   icmp   |      0|  0|  13|          15|           1|
    |icmp_ln414_4_fu_2129_p2              |   icmp   |      0|  0|  13|          15|           1|
    |icmp_ln414_5_fu_2301_p2              |   icmp   |      0|  0|  13|          15|           1|
    |icmp_ln414_6_fu_2473_p2              |   icmp   |      0|  0|  13|          15|           1|
    |icmp_ln414_fu_543_p2                 |   icmp   |      0|  0|   8|           1|           1|
    |icmp_ln61_fu_1697_p2                 |   icmp   |      0|  0|  11|           8|           2|
    |icmp_ln785_1_fu_1877_p2              |   icmp   |      0|  0|   8|           2|           1|
    |icmp_ln785_fu_1765_p2                |   icmp   |      0|  0|   8|           2|           1|
    |icmp_ln786_1_fu_1907_p2              |   icmp   |      0|  0|   8|           2|           2|
    |icmp_ln786_fu_1795_p2                |   icmp   |      0|  0|   8|           2|           2|
    |tmp_last_V_fu_486_p2                 |   icmp   |      0|  0|  13|          10|           9|
    |tmp_user_V_fu_534_p2                 |   icmp   |      0|  0|  13|          10|           1|
    |ap_block_state2                      |    or    |      0|  0|   2|           1|           1|
    |or_ln30_fu_528_p2                    |    or    |      0|  0|  10|          10|          10|
    |or_ln340_10_fu_899_p2                |    or    |      0|  0|   2|           1|           1|
    |or_ln340_11_fu_904_p2                |    or    |      0|  0|   2|           1|           1|
    |or_ln340_12_fu_1314_p2               |    or    |      0|  0|   2|           1|           1|
    |or_ln340_13_fu_1471_p2               |    or    |      0|  0|   2|           1|           1|
    |or_ln340_14_fu_1475_p2               |    or    |      0|  0|   2|           1|           1|
    |or_ln340_15_fu_1554_p2               |    or    |      0|  0|   2|           1|           1|
    |or_ln340_16_fu_1936_p2               |    or    |      0|  0|   2|           1|           1|
    |or_ln340_17_fu_1945_p2               |    or    |      0|  0|   2|           1|           1|
    |or_ln340_18_fu_1971_p2               |    or    |      0|  0|   2|           1|           1|
    |or_ln340_19_fu_1980_p2               |    or    |      0|  0|   2|           1|           1|
    |or_ln340_1_fu_1046_p2                |    or    |      0|  0|   2|           1|           1|
    |or_ln340_20_fu_2279_p2               |    or    |      0|  0|   2|           1|           1|
    |or_ln340_21_fu_2629_p2               |    or    |      0|  0|   2|           1|           1|
    |or_ln340_22_fu_2633_p2               |    or    |      0|  0|   2|           1|           1|
    |or_ln340_23_fu_2451_p2               |    or    |      0|  0|   2|           1|           1|
    |or_ln340_24_fu_2658_p2               |    or    |      0|  0|   2|           1|           1|
    |or_ln340_25_fu_2662_p2               |    or    |      0|  0|   2|           1|           1|
    |or_ln340_26_fu_2623_p2               |    or    |      0|  0|   2|           1|           1|
    |or_ln340_27_fu_2687_p2               |    or    |      0|  0|   2|           1|           1|
    |or_ln340_28_fu_2691_p2               |    or    |      0|  0|   2|           1|           1|
    |or_ln340_2_fu_693_p2                 |    or    |      0|  0|   2|           1|           1|
    |or_ln340_3_fu_1080_p2                |    or    |      0|  0|   2|           1|           1|
    |or_ln340_4_fu_1076_p2                |    or    |      0|  0|   2|           1|           1|
    |or_ln340_5_fu_1631_p2                |    or    |      0|  0|   2|           1|           1|
    |or_ln340_6_fu_1642_p2                |    or    |      0|  0|   2|           1|           1|
    |or_ln340_7_fu_1637_p2                |    or    |      0|  0|   2|           1|           1|
    |or_ln340_8_fu_722_p2                 |    or    |      0|  0|   2|           1|           1|
    |or_ln340_9_fu_893_p2                 |    or    |      0|  0|   2|           1|           1|
    |or_ln340_fu_1040_p2                  |    or    |      0|  0|   2|           1|           1|
    |or_ln785_1_fu_659_p2                 |    or    |      0|  0|   2|           1|           1|
    |or_ln785_2_fu_1599_p2                |    or    |      0|  0|   2|           1|           1|
    |or_ln785_3_fu_859_p2                 |    or    |      0|  0|   2|           1|           1|
    |or_ln785_4_fu_1274_p2                |    or    |      0|  0|   2|           1|           1|
    |or_ln785_5_fu_1771_p2                |    or    |      0|  0|   2|           1|           1|
    |or_ln785_6_fu_1883_p2                |    or    |      0|  0|   2|           1|           1|
    |or_ln785_7_fu_2239_p2                |    or    |      0|  0|   2|           1|           1|
    |or_ln785_8_fu_2411_p2                |    or    |      0|  0|   2|           1|           1|
    |or_ln785_9_fu_2583_p2                |    or    |      0|  0|   2|           1|           1|
    |or_ln785_fu_1010_p2                  |    or    |      0|  0|   2|           1|           1|
    |or_ln786_1_fu_1615_p2                |    or    |      0|  0|   2|           1|           1|
    |or_ln786_2_fu_1801_p2                |    or    |      0|  0|   2|           1|           1|
    |or_ln786_3_fu_1913_p2                |    or    |      0|  0|   2|           1|           1|
    |or_ln786_4_fu_876_p2                 |    or    |      0|  0|   2|           1|           1|
    |or_ln786_5_fu_1297_p2                |    or    |      0|  0|   2|           1|           1|
    |or_ln786_6_fu_2262_p2                |    or    |      0|  0|   2|           1|           1|
    |or_ln786_7_fu_2434_p2                |    or    |      0|  0|   2|           1|           1|
    |or_ln786_8_fu_2606_p2                |    or    |      0|  0|   2|           1|           1|
    |or_ln786_9_fu_1028_p2                |    or    |      0|  0|   2|           1|           1|
    |or_ln786_fu_676_p2                   |    or    |      0|  0|   2|           1|           1|
    |deleted_ones_1_fu_1457_p3            |  select  |      0|  0|   2|           1|           1|
    |deleted_ones_2_fu_839_p3             |  select  |      0|  0|   2|           1|           1|
    |deleted_ones_3_fu_1254_p3            |  select  |      0|  0|   2|           1|           1|
    |deleted_ones_5_fu_2219_p3            |  select  |      0|  0|   2|           1|           1|
    |deleted_ones_6_fu_2391_p3            |  select  |      0|  0|   2|           1|           1|
    |deleted_ones_7_fu_2563_p3            |  select  |      0|  0|   2|           1|           1|
    |deleted_ones_fu_639_p3               |  select  |      0|  0|   2|           1|           1|
    |deleted_zeros_1_fu_1584_p3           |  select  |      0|  0|   2|           1|           1|
    |deleted_zeros_2_fu_826_p3            |  select  |      0|  0|   2|           1|           1|
    |deleted_zeros_3_fu_1227_p3           |  select  |      0|  0|   2|           1|           1|
    |deleted_zeros_4_fu_2192_p3           |  select  |      0|  0|   2|           1|           1|
    |deleted_zeros_5_fu_2364_p3           |  select  |      0|  0|   2|           1|           1|
    |deleted_zeros_6_fu_2536_p3           |  select  |      0|  0|   2|           1|           1|
    |deleted_zeros_fu_626_p3              |  select  |      0|  0|   2|           1|           1|
    |imag_btm_V_fu_926_p3                 |  select  |      0|  0|  18|           1|          18|
    |imag_top_V_fu_741_p3                 |  select  |      0|  0|  18|           1|          18|
    |isquare_V_fu_2679_p3                 |  select  |      0|  0|  18|           1|          18|
    |p_Val2_16_fu_1492_p3                 |  select  |      0|  0|  18|           1|          18|
    |real_btm_V_fu_1097_p3                |  select  |      0|  0|  18|           1|          18|
    |real_top_V_fu_1068_p3                |  select  |      0|  0|  18|           1|          18|
    |rsquare_V_fu_2650_p3                 |  select  |      0|  0|  18|           1|          18|
    |select_ln340_10_fu_2667_p3           |  select  |      0|  0|  18|           1|          17|
    |select_ln340_11_fu_2696_p3           |  select  |      0|  0|  18|           1|          17|
    |select_ln340_1_fu_1085_p3            |  select  |      0|  0|  18|           1|          17|
    |select_ln340_2_fu_1648_p3            |  select  |      0|  0|  18|           1|          17|
    |select_ln340_3_fu_727_p3             |  select  |      0|  0|  18|           1|          17|
    |select_ln340_4_fu_910_p3             |  select  |      0|  0|  18|           1|          17|
    |select_ln340_5_fu_1480_p3            |  select  |      0|  0|  18|           1|          17|
    |select_ln340_6_fu_1560_p3            |  select  |      0|  0|  18|           1|          17|
    |select_ln340_7_fu_1950_p3            |  select  |      0|  0|  18|           1|          17|
    |select_ln340_8_fu_1985_p3            |  select  |      0|  0|  18|           1|          17|
    |select_ln340_9_fu_2638_p3            |  select  |      0|  0|  18|           1|          17|
    |select_ln340_fu_1052_p3              |  select  |      0|  0|  18|           1|          17|
    |select_ln388_10_fu_2673_p3           |  select  |      0|  0|  19|           1|          19|
    |select_ln388_11_fu_2702_p3           |  select  |      0|  0|  19|           1|          19|
    |select_ln388_1_fu_1091_p3            |  select  |      0|  0|  19|           1|          19|
    |select_ln388_2_fu_1655_p3            |  select  |      0|  0|  19|           1|          19|
    |select_ln388_3_fu_734_p3             |  select  |      0|  0|  19|           1|          19|
    |select_ln388_4_fu_918_p3             |  select  |      0|  0|  19|           1|          19|
    |select_ln388_5_fu_1486_p3            |  select  |      0|  0|  19|           1|          19|
    |select_ln388_6_fu_1568_p3            |  select  |      0|  0|  19|           1|          19|
    |select_ln388_7_fu_1957_p3            |  select  |      0|  0|  19|           1|          19|
    |select_ln388_8_fu_1992_p3            |  select  |      0|  0|  19|           1|          19|
    |select_ln388_9_fu_2644_p3            |  select  |      0|  0|  19|           1|          19|
    |select_ln388_fu_1060_p3              |  select  |      0|  0|  19|           1|          18|
    |x0_V_fu_1662_p3                      |  select  |      0|  0|  18|           1|          18|
    |x_V_fu_1963_p3                       |  select  |      0|  0|  18|           1|          18|
    |y0_V_fu_1576_p3                      |  select  |      0|  0|  18|           1|          18|
    |y_V_fu_1998_p3                       |  select  |      0|  0|  18|           1|          18|
    |zsquare_V_fu_2708_p3                 |  select  |      0|  0|  18|           1|          18|
    |p_Result_17_fu_506_p2                |    xor   |      0|  0|   2|           1|           2|
    |ret_V_11_fu_960_p2                   |    xor   |      0|  0|  16|          15|          16|
    |ret_V_13_fu_492_p2                   |    xor   |      0|  0|  16|          15|          16|
    |underflow_fu_1034_p2                 |    xor   |      0|  0|   2|           1|           2|
    |xor_ln340_1_fu_1542_p2               |    xor   |      0|  0|   2|           1|           1|
    |xor_ln340_2_fu_1548_p2               |    xor   |      0|  0|   2|           1|           2|
    |xor_ln340_3_fu_1940_p2               |    xor   |      0|  0|   2|           1|           2|
    |xor_ln340_4_fu_1975_p2               |    xor   |      0|  0|   2|           1|           2|
    |xor_ln340_fu_717_p2                  |    xor   |      0|  0|   2|           1|           1|
    |xor_ln416_1_fu_1379_p2               |    xor   |      0|  0|   2|           1|           2|
    |xor_ln416_2_fu_787_p2                |    xor   |      0|  0|   2|           1|           2|
    |xor_ln416_3_fu_1192_p2               |    xor   |      0|  0|   2|           1|           2|
    |xor_ln416_4_fu_2157_p2               |    xor   |      0|  0|   2|           1|           2|
    |xor_ln416_5_fu_2329_p2               |    xor   |      0|  0|   2|           1|           2|
    |xor_ln416_6_fu_2501_p2               |    xor   |      0|  0|   2|           1|           2|
    |xor_ln416_fu_571_p2                  |    xor   |      0|  0|   2|           1|           2|
    |xor_ln779_1_fu_452_p2                |    xor   |      0|  0|   2|           1|           2|
    |xor_ln779_2_fu_1445_p2               |    xor   |      0|  0|   2|           1|           2|
    |xor_ln779_3_fu_1242_p2               |    xor   |      0|  0|   2|           1|           2|
    |xor_ln779_4_fu_2207_p2               |    xor   |      0|  0|   2|           1|           2|
    |xor_ln779_5_fu_2379_p2               |    xor   |      0|  0|   2|           1|           2|
    |xor_ln779_6_fu_2551_p2               |    xor   |      0|  0|   2|           1|           2|
    |xor_ln779_fu_393_p2                  |    xor   |      0|  0|   2|           1|           2|
    |xor_ln785_10_fu_2233_p2              |    xor   |      0|  0|   2|           1|           2|
    |xor_ln785_11_fu_2245_p2              |    xor   |      0|  0|   2|           1|           2|
    |xor_ln785_12_fu_2405_p2              |    xor   |      0|  0|   2|           1|           2|
    |xor_ln785_13_fu_2417_p2              |    xor   |      0|  0|   2|           1|           2|
    |xor_ln785_14_fu_2577_p2              |    xor   |      0|  0|   2|           1|           2|
    |xor_ln785_15_fu_2589_p2              |    xor   |      0|  0|   2|           1|           2|
    |xor_ln785_1_fu_653_p2                |    xor   |      0|  0|   2|           1|           2|
    |xor_ln785_2_fu_458_p2                |    xor   |      0|  0|   2|           1|           2|
    |xor_ln785_3_fu_1593_p2               |    xor   |      0|  0|   2|           1|           2|
    |xor_ln785_4_fu_1604_p2               |    xor   |      0|  0|   2|           1|           2|
    |xor_ln785_5_fu_853_p2                |    xor   |      0|  0|   2|           1|           2|
    |xor_ln785_6_fu_1268_p2               |    xor   |      0|  0|   2|           1|           2|
    |xor_ln785_7_fu_1280_p2               |    xor   |      0|  0|   2|           1|           2|
    |xor_ln785_8_fu_1777_p2               |    xor   |      0|  0|   2|           1|           2|
    |xor_ln785_9_fu_1889_p2               |    xor   |      0|  0|   2|           1|           2|
    |xor_ln785_fu_399_p2                  |    xor   |      0|  0|   2|           1|           2|
    |xor_ln786_10_fu_2612_p2              |    xor   |      0|  0|   2|           1|           2|
    |xor_ln786_1_fu_1620_p2               |    xor   |      0|  0|   2|           1|           2|
    |xor_ln786_2_fu_706_p2                |    xor   |      0|  0|   2|           1|           2|
    |xor_ln786_3_fu_882_p2                |    xor   |      0|  0|   2|           1|           2|
    |xor_ln786_4_fu_1303_p2               |    xor   |      0|  0|   2|           1|           2|
    |xor_ln786_5_fu_1530_p2               |    xor   |      0|  0|   2|           1|           2|
    |xor_ln786_6_fu_1789_p2               |    xor   |      0|  0|   2|           1|           2|
    |xor_ln786_7_fu_1901_p2               |    xor   |      0|  0|   2|           1|           2|
    |xor_ln786_8_fu_2268_p2               |    xor   |      0|  0|   2|           1|           2|
    |xor_ln786_9_fu_2440_p2               |    xor   |      0|  0|   2|           1|           2|
    |xor_ln786_fu_682_p2                  |    xor   |      0|  0|   2|           1|           2|
    +-------------------------------------+----------+-------+---+----+------------+------------+
    |Total                                |          |      0|  0|2130|         932|        1472|
    +-------------------------------------+----------+-------+---+----+------------+------------+

    * Multiplexer: 
    +-------------------------------+----+-----------+-----+-----------+
    |              Name             | LUT| Input Size| Bits| Total Bits|
    +-------------------------------+----+-----------+-----+-----------+
    |VIDEO_OUT_V_data_V_1_data_out  |   9|          2|   24|         48|
    |VIDEO_OUT_V_data_V_1_state     |  15|          3|    2|          6|
    |VIDEO_OUT_V_dest_V_1_state     |  15|          3|    2|          6|
    |VIDEO_OUT_V_id_V_1_state       |  15|          3|    2|          6|
    |VIDEO_OUT_V_keep_V_1_state     |  15|          3|    2|          6|
    |VIDEO_OUT_V_last_V_1_data_out  |   9|          2|    1|          2|
    |VIDEO_OUT_V_last_V_1_state     |  15|          3|    2|          6|
    |VIDEO_OUT_V_strb_V_1_state     |  15|          3|    2|          6|
    |VIDEO_OUT_V_user_V_1_data_out  |   9|          2|    1|          2|
    |VIDEO_OUT_V_user_V_1_state     |  15|          3|    2|          6|
    |ap_NS_fsm                      |  59|         14|    1|         14|
    |grp_fu_322_p1                  |  15|          3|   35|        105|
    |m_axis_video_TDATA_blk_n       |   9|          2|    1|          2|
    |p_Val2_19_reg_278              |   9|          2|   18|         36|
    |p_Val2_20_reg_289              |   9|          2|   18|         36|
    |p_Val2_25_reg_300              |   9|          2|   18|         36|
    |phi_mul_reg_255                |   9|          2|   15|         30|
    |pixel_R_reg_311                |   9|          2|    8|         16|
    |tmp_V_1_reg_243                |   9|          2|   10|         20|
    |tmp_V_reg_266                  |   9|          2|   10|         20|
    +-------------------------------+----+-----------+-----+-----------+
    |Total                          | 278|         60|  174|        409|
    +-------------------------------+----+-----------+-----+-----------+

    * Register: 
    +--------------------------------+----+----+-----+-----------+
    |              Name              | FF | LUT| Bits| Const Bits|
    +--------------------------------+----+----+-----+-----------+
    |Range1_all_ones_1_reg_3037      |   1|   0|    1|          0|
    |Range1_all_zeros_1_reg_3043     |   1|   0|    1|          0|
    |VIDEO_OUT_V_data_V_1_payload_A  |  24|   0|   24|          0|
    |VIDEO_OUT_V_data_V_1_payload_B  |  24|   0|   24|          0|
    |VIDEO_OUT_V_data_V_1_sel_rd     |   1|   0|    1|          0|
    |VIDEO_OUT_V_data_V_1_sel_wr     |   1|   0|    1|          0|
    |VIDEO_OUT_V_data_V_1_state      |   2|   0|    2|          0|
    |VIDEO_OUT_V_dest_V_1_sel_rd     |   1|   0|    1|          0|
    |VIDEO_OUT_V_dest_V_1_state      |   2|   0|    2|          0|
    |VIDEO_OUT_V_id_V_1_sel_rd       |   1|   0|    1|          0|
    |VIDEO_OUT_V_id_V_1_state        |   2|   0|    2|          0|
    |VIDEO_OUT_V_keep_V_1_sel_rd     |   1|   0|    1|          0|
    |VIDEO_OUT_V_keep_V_1_state      |   2|   0|    2|          0|
    |VIDEO_OUT_V_last_V_1_payload_A  |   1|   0|    1|          0|
    |VIDEO_OUT_V_last_V_1_payload_B  |   1|   0|    1|          0|
    |VIDEO_OUT_V_last_V_1_sel_rd     |   1|   0|    1|          0|
    |VIDEO_OUT_V_last_V_1_sel_wr     |   1|   0|    1|          0|
    |VIDEO_OUT_V_last_V_1_state      |   2|   0|    2|          0|
    |VIDEO_OUT_V_strb_V_1_sel_rd     |   1|   0|    1|          0|
    |VIDEO_OUT_V_strb_V_1_state      |   2|   0|    2|          0|
    |VIDEO_OUT_V_user_V_1_payload_A  |   1|   0|    1|          0|
    |VIDEO_OUT_V_user_V_1_payload_B  |   1|   0|    1|          0|
    |VIDEO_OUT_V_user_V_1_sel_rd     |   1|   0|    1|          0|
    |VIDEO_OUT_V_user_V_1_sel_wr     |   1|   0|    1|          0|
    |VIDEO_OUT_V_user_V_1_state      |   2|   0|    2|          0|
    |add_ln25_reg_2844               |  15|   0|   15|          0|
    |and_ln781_3_reg_2989            |   1|   0|    1|          0|
    |and_ln781_4_reg_3237            |   1|   0|    1|          0|
    |and_ln781_5_reg_3268            |   1|   0|    1|          0|
    |and_ln781_6_reg_3299            |   1|   0|    1|          0|
    |and_ln781_reg_2903              |   1|   0|    1|          0|
    |and_ln786_12_reg_3247           |   1|   0|    1|          0|
    |and_ln786_14_reg_3278           |   1|   0|    1|          0|
    |and_ln786_16_reg_3309           |   1|   0|    1|          0|
    |and_ln786_2_reg_3048            |   1|   0|    1|          0|
    |and_ln786_7_reg_2999            |   1|   0|    1|          0|
    |and_ln786_reg_2908              |   1|   0|    1|          0|
    |ap_CS_fsm                       |  13|   0|   13|          0|
    |carry_3_reg_3026                |   1|   0|    1|          0|
    |col_reg_2887                    |  10|   0|   10|          0|
    |im_V_read_reg_2763              |  18|   0|   18|          0|
    |imag_btm_V_reg_2928             |  18|   0|   18|          0|
    |imag_top_V_reg_2923             |  18|   0|   18|          0|
    |iter_reg_3078                   |   8|   0|    8|          0|
    |or_ln340_12_reg_3009            |   1|   0|    1|          0|
    |or_ln340_20_reg_3257            |   1|   0|    1|          0|
    |or_ln340_23_reg_3288            |   1|   0|    1|          0|
    |or_ln340_26_reg_3319            |   1|   0|    1|          0|
    |or_ln340_2_reg_2918             |   1|   0|    1|          0|
    |overflow_5_reg_3089             |   1|   0|    1|          0|
    |overflow_6_reg_3108             |   1|   0|    1|          0|
    |p_Result_10_reg_3225            |   5|   0|    5|          0|
    |p_Result_11_reg_2775            |   1|   0|    1|          0|
    |p_Result_12_reg_2786            |   1|   0|    1|          0|
    |p_Result_14_reg_3014            |   1|   0|    1|          0|
    |p_Result_16_reg_3032            |   1|   0|    1|          0|
    |p_Result_17_reg_2872            |   1|   0|    1|          0|
    |p_Result_18_reg_2817            |   1|   0|    1|          0|
    |p_Result_19_reg_2823            |   1|   0|    1|          0|
    |p_Result_21_reg_2950            |   1|   0|    1|          0|
    |p_Result_30_reg_3148            |   1|   0|    1|          0|
    |p_Result_33_reg_3178            |   1|   0|    1|          0|
    |p_Result_36_reg_3208            |   1|   0|    1|          0|
    |p_Result_3_reg_2962             |   2|   0|    2|          0|
    |p_Result_4_reg_2967             |   3|   0|    3|          0|
    |p_Result_6_reg_3190             |   2|   0|    2|          0|
    |p_Result_7_reg_3220             |   4|   0|    4|          0|
    |p_Result_8_reg_3195             |   3|   0|    3|          0|
    |p_Result_9_reg_3160             |   2|   0|    2|          0|
    |p_Result_s_11_reg_3165          |   3|   0|    3|          0|
    |p_Val2_15_reg_2983              |  18|   0|   18|          0|
    |p_Val2_19_reg_278               |  18|   0|   18|          0|
    |p_Val2_20_reg_289               |  18|   0|   18|          0|
    |p_Val2_24_reg_3083              |  18|   0|   18|          0|
    |p_Val2_25_reg_300               |  18|   0|   18|          0|
    |p_Val2_30_reg_3102              |  18|   0|   18|          0|
    |p_Val2_33_reg_3231              |  18|   0|   18|          0|
    |p_Val2_36_reg_3262              |  18|   0|   18|          0|
    |p_Val2_41_reg_3293              |  18|   0|   18|          0|
    |p_Val2_4_reg_2781               |  18|   0|   18|          0|
    |p_Val2_5_reg_2897               |  18|   0|   18|          0|
    |p_Val2_9_reg_3020               |  18|   0|   18|          0|
    |phi_mul_reg_255                 |  15|   0|   15|          0|
    |pixel_R_reg_311                 |   8|   0|    8|          0|
    |r_V_14_reg_2768                 |  21|   0|   36|         15|
    |r_V_15_reg_2973                 |  36|   0|   36|          0|
    |r_V_16_reg_2807                 |  19|   0|   35|         16|
    |r_V_17_reg_2943                 |  36|   0|   36|          0|
    |r_V_18_reg_3141                 |  36|   0|   36|          0|
    |r_V_19_reg_3171                 |  36|   0|   36|          0|
    |r_V_20_reg_3201                 |  38|   0|   38|          0|
    |real_btm_V_reg_2938             |  18|   0|   18|          0|
    |real_top_V_reg_2933             |  18|   0|   18|          0|
    |ret_V_10_reg_3136               |  19|   0|   19|          0|
    |ret_V_13_reg_2862               |  15|   0|   15|          0|
    |rhs_V_1_reg_2839                |  19|   0|   19|          0|
    |rhs_V_3_reg_3065                |  20|   0|   20|          0|
    |row_reg_2852                    |  10|   0|   10|          0|
    |sext_ln61_reg_3070              |  20|   0|   20|          0|
    |sext_ln703_1_reg_2878           |  18|   0|   18|          0|
    |sext_ln728_reg_2802             |  21|   0|   36|         15|
    |tmp_13_reg_2867                 |   1|   0|    1|          0|
    |tmp_V_1_reg_243                 |  10|   0|   10|          0|
    |tmp_V_reg_266                   |  10|   0|   10|          0|
    |tmp_last_V_reg_2857             |   1|   0|    1|          0|
    |tmp_user_V_reg_2892             |   1|   0|    1|          0|
    |trunc_ln414_1_reg_2957          |  15|   0|   15|          0|
    |trunc_ln414_2_reg_3155          |  15|   0|   15|          0|
    |trunc_ln414_3_reg_3185          |  15|   0|   15|          0|
    |trunc_ln414_4_reg_3215          |  15|   0|   15|          0|
    |trunc_ln414_reg_2978            |  15|   0|   15|          0|
    |underflow_10_reg_3283           |   1|   0|    1|          0|
    |underflow_11_reg_3314           |   1|   0|    1|          0|
    |underflow_1_reg_2913            |   1|   0|    1|          0|
    |underflow_5_reg_3004            |   1|   0|    1|          0|
    |underflow_7_reg_3095            |   1|   0|    1|          0|
    |underflow_8_reg_3114            |   1|   0|    1|          0|
    |underflow_9_reg_3252            |   1|   0|    1|          0|
    |x0_V_reg_3060                   |  18|   0|   18|          0|
    |x_V_reg_3126                    |  18|   0|   18|          0|
    |xor_ln779_1_reg_2828            |   1|   0|    1|          0|
    |xor_ln779_reg_2791              |   1|   0|    1|          0|
    |xor_ln785_11_reg_3242           |   1|   0|    1|          0|
    |xor_ln785_13_reg_3273           |   1|   0|    1|          0|
    |xor_ln785_15_reg_3304           |   1|   0|    1|          0|
    |xor_ln785_2_reg_2833            |   1|   0|    1|          0|
    |xor_ln785_7_reg_2994            |   1|   0|    1|          0|
    |xor_ln785_reg_2796              |   1|   0|    1|          0|
    |y0_V_reg_3054                   |  18|   0|   18|          0|
    |y_V_reg_3131                    |  18|   0|   18|          0|
    +--------------------------------+----+----+-----+-----------+
    |Total                           |1056|   0| 1102|         46|
    +--------------------------------+----+----+-----+-----------+



================================================================
== Interface
================================================================
* Summary: 
+---------------------+-----+-----+------------+----------------------------+--------------+
|      RTL Ports      | Dir | Bits|  Protocol  |        Source Object       |    C Type    |
+---------------------+-----+-----+------------+----------------------------+--------------+
|s_axi_cmd_AWVALID    |  in |    1|    s_axi   |             cmd            |    scalar    |
|s_axi_cmd_AWREADY    | out |    1|    s_axi   |             cmd            |    scalar    |
|s_axi_cmd_AWADDR     |  in |    6|    s_axi   |             cmd            |    scalar    |
|s_axi_cmd_WVALID     |  in |    1|    s_axi   |             cmd            |    scalar    |
|s_axi_cmd_WREADY     | out |    1|    s_axi   |             cmd            |    scalar    |
|s_axi_cmd_WDATA      |  in |   32|    s_axi   |             cmd            |    scalar    |
|s_axi_cmd_WSTRB      |  in |    4|    s_axi   |             cmd            |    scalar    |
|s_axi_cmd_ARVALID    |  in |    1|    s_axi   |             cmd            |    scalar    |
|s_axi_cmd_ARREADY    | out |    1|    s_axi   |             cmd            |    scalar    |
|s_axi_cmd_ARADDR     |  in |    6|    s_axi   |             cmd            |    scalar    |
|s_axi_cmd_RVALID     | out |    1|    s_axi   |             cmd            |    scalar    |
|s_axi_cmd_RREADY     |  in |    1|    s_axi   |             cmd            |    scalar    |
|s_axi_cmd_RDATA      | out |   32|    s_axi   |             cmd            |    scalar    |
|s_axi_cmd_RRESP      | out |    2|    s_axi   |             cmd            |    scalar    |
|s_axi_cmd_BVALID     | out |    1|    s_axi   |             cmd            |    scalar    |
|s_axi_cmd_BREADY     |  in |    1|    s_axi   |             cmd            |    scalar    |
|s_axi_cmd_BRESP      | out |    2|    s_axi   |             cmd            |    scalar    |
|ap_clk               |  in |    1| ap_ctrl_hs | video_mandelbrot_generator | return value |
|ap_rst_n             |  in |    1| ap_ctrl_hs | video_mandelbrot_generator | return value |
|interrupt            | out |    1| ap_ctrl_hs | video_mandelbrot_generator | return value |
|m_axis_video_TDATA   | out |   24|    axis    |     VIDEO_OUT_V_data_V     |    pointer   |
|m_axis_video_TREADY  |  in |    1|    axis    |     VIDEO_OUT_V_data_V     |    pointer   |
|m_axis_video_TVALID  | out |    1|    axis    |     VIDEO_OUT_V_dest_V     |    pointer   |
|m_axis_video_TDEST   | out |    1|    axis    |     VIDEO_OUT_V_dest_V     |    pointer   |
|m_axis_video_TKEEP   | out |    3|    axis    |     VIDEO_OUT_V_keep_V     |    pointer   |
|m_axis_video_TSTRB   | out |    3|    axis    |     VIDEO_OUT_V_strb_V     |    pointer   |
|m_axis_video_TUSER   | out |    1|    axis    |     VIDEO_OUT_V_user_V     |    pointer   |
|m_axis_video_TLAST   | out |    1|    axis    |     VIDEO_OUT_V_last_V     |    pointer   |
|m_axis_video_TID     | out |    1|    axis    |      VIDEO_OUT_V_id_V      |    pointer   |
+---------------------+-----+-----+------------+----------------------------+--------------+

