Report time       : Sat Feb  8 22:20:53 EST 2020.
Solution          : solution2_dataflow.
Simulation tool   : xsim.

+----------+----------+-----------------------------------------------+-----------------------------------------------+
|          |          |                    Latency                    |                    Interval                   |
+   RTL    +  Status  +-----------------------------------------------+-----------------------------------------------+
|          |          |      min      |      avg      |      max      |      min      |      avg      |      max      |
+----------+----------+-----------------------------------------------+-----------------------------------------------+
|      VHDL|        NA|             NA|             NA|             NA|             NA|             NA|             NA|
|   Verilog|      Pass|            700|            700|            700|             NA|             NA|             NA|
+----------+----------+-----------------------------------------------+-----------------------------------------------+
