

================================================================
== Vivado HLS Report for 'dataflow_in_loop_out'
================================================================
* Date:           Sun Feb  9 15:06:49 2020

* Version:        2019.1 (Build 2552052 on Fri May 24 15:28:33 MDT 2019)
* Project:        Video_Mandelbrot_Generator
* Solution:       solution3_pipline_mandel
* Product family: zynq
* Target device:  xc7z020i-clg484-1L


================================================================
== Performance Estimates
================================================================
+ Timing (ns): 
    * Summary: 
    +--------+-------+----------+------------+
    |  Clock | Target| Estimated| Uncertainty|
    +--------+-------+----------+------------+
    |ap_clk  |  10.00|     8.516|        1.25|
    +--------+-------+----------+------------+

+ Latency (clock cycles): 
    * Summary: 
    +-----+-----+-----+-----+----------+
    |  Latency  |  Interval | Pipeline |
    | min | max | min | max |   Type   |
    +-----+-----+-----+-----+----------+
    |   81|  369|   82|  370| dataflow |
    +-----+-----+-----+-----+----------+

    + Detail: 
        * Instance: 
        +----------------------+------------+-----+-----+-----+-----+---------+
        |                      |            |  Latency  |  Interval | Pipeline|
        |       Instance       |   Module   | min | max | min | max |   Type  |
        +----------------------+------------+-----+-----+-----+-----+---------+
        |grp_inner_proc_fu_68  |inner_proc  |   81|  369|   81|  369|   none  |
        +----------------------+------------+-----+-----+-----+-----+---------+

        * Loop: 
        N/A

============================================================
+ Verbose Summary: Synthesis Manager
============================================================
InlineROM: 1
ExposeGlobal: 0
============================================================
+ Verbose Summary: CDFG Model
============================================================
IsTopModel: 0
ResetActiveHigh: 1
IsCombinational: 2
IsDatapathOnly: 0
HasWiredReturn: 1
HasMFsm: 0
HasVarLatency: 1
IsPipeline: 0
IsRtlPipelined: 0
IsInstanceOverlapped: 0
IsDontTouch: 0
HasImplIP: 0
IsGatedGlobalClock: 0


============================================================
+ Verbose Summary: Schedule
============================================================
* Number of FSM states : 2
* Pipeline : 0
* Dataflow Pipeline: 1
  DF-Pipeline-0: Size = 2, States = { 1 2 }

* FSM state transitions: 
1 --> 2 
2 --> 

* FSM state operations: 

State 1 <SV = 0> <Delay = 8.15>
ST_1 : Operation 3 [1/1] (0.00ns)   --->   "%zoom_factor_V_read = call i18 @_ssdm_op_Read.ap_auto.i18(i18 %zoom_factor_V)"   --->   Operation 3 'read' 'zoom_factor_V_read' <Predicate = true> <Delay = 0.00>
ST_1 : Operation 4 [1/1] (0.00ns)   --->   "%re_V_read = call i18 @_ssdm_op_Read.ap_auto.i18(i18 %re_V)"   --->   Operation 4 'read' 're_V_read' <Predicate = true> <Delay = 0.00>
ST_1 : Operation 5 [1/1] (0.00ns)   --->   "%im_V_read = call i18 @_ssdm_op_Read.ap_auto.i18(i18 %im_V)"   --->   Operation 5 'read' 'im_V_read' <Predicate = true> <Delay = 0.00>
ST_1 : Operation 6 [1/1] (0.00ns)   --->   "%v_assign_read = call i3 @_ssdm_op_Read.ap_auto.i3(i3 %v_assign)"   --->   Operation 6 'read' 'v_assign_read' <Predicate = true> <Delay = 0.00>
ST_1 : Operation 7 [2/2] (8.15ns)   --->   "call fastcc void @inner_proc(i3 %v_assign_read, i24* %m_axis_video_V_data_V, i3* %m_axis_video_V_keep_V, i3* %m_axis_video_V_strb_V, i1* %m_axis_video_V_user_V, i1* %m_axis_video_V_last_V, i1* %m_axis_video_V_id_V, i1* %m_axis_video_V_dest_V, i18 %im_V_read, i18 %re_V_read, i18 %zoom_factor_V_read)"   --->   Operation 7 'call' <Predicate = true> <Delay = 8.15> <CoreType = "Generic">   --->   Core 0 '' <Latency = 0> <II = 1> <Delay = 1.00> <Generic> <Opcode : >

State 2 <SV = 1> <Delay = 1.30>
ST_2 : Operation 8 [1/1] (0.00ns)   --->   "call void (...)* @_ssdm_op_SpecInterface(i1* %m_axis_video_V_dest_V, i1* %m_axis_video_V_id_V, i1* %m_axis_video_V_last_V, i1* %m_axis_video_V_user_V, i3* %m_axis_video_V_strb_V, i3* %m_axis_video_V_keep_V, i24* %m_axis_video_V_data_V, [5 x i8]* @p_str3, i32 0, i32 0, [5 x i8]* @p_str4, i32 0, i32 0, [10 x i8]* @p_str5, [1 x i8]* @p_str1, [1 x i8]* @p_str1, i32 0, i32 0, i32 0, i32 0, [1 x i8]* @p_str1, [1 x i8]* @p_str1)"   --->   Operation 8 'specinterface' <Predicate = true> <Delay = 0.00>
ST_2 : Operation 9 [1/1] (0.00ns)   --->   "call void (...)* @_ssdm_op_SpecDataflowPipeline(i32 -1, i32 0, [1 x i8]* @p_str1) nounwind" [src/cpp/video_mandelbrot_generator.cpp:27]   --->   Operation 9 'specdataflowpipeline' <Predicate = true> <Delay = 0.00>
ST_2 : Operation 10 [1/2] (1.30ns)   --->   "call fastcc void @inner_proc(i3 %v_assign_read, i24* %m_axis_video_V_data_V, i3* %m_axis_video_V_keep_V, i3* %m_axis_video_V_strb_V, i1* %m_axis_video_V_user_V, i1* %m_axis_video_V_last_V, i1* %m_axis_video_V_id_V, i1* %m_axis_video_V_dest_V, i18 %im_V_read, i18 %re_V_read, i18 %zoom_factor_V_read)"   --->   Operation 10 'call' <Predicate = true> <Delay = 1.30> <CoreType = "Generic">   --->   Core 0 '' <Latency = 0> <II = 1> <Delay = 1.00> <Generic> <Opcode : >
ST_2 : Operation 11 [1/1] (0.00ns)   --->   "ret void"   --->   Operation 11 'ret' <Predicate = true> <Delay = 0.00>


============================================================
+ Verbose Summary: Binding
============================================================
STG Binding: 
---------------- STG Properties BEGIN ----------------
- Is combinational: 0
- Is one-state seq: 0
- Is datapath-only: 0
- Is pipelined: 0
- Is top level: 0
Port [ Return ] is wired: 1; IO mode=ap_ctrl_hs:ce=0
Port [ v_assign]:  wired=1; compound=0; hidden=0; nouse=0; global=0; static=0; extern=0; dir=0; type=0; pingpong=0; private_global=0; IO mode=ap_none:ce=0
Port [ m_axis_video_V_data_V]:  wired=1; compound=1; hidden=0; nouse=0; global=0; static=0; extern=0; dir=1; type=0; pingpong=0; private_global=0; IO mode=axis:ce=0
Port [ m_axis_video_V_keep_V]:  wired=1; compound=1; hidden=0; nouse=0; global=0; static=0; extern=0; dir=1; type=0; pingpong=0; private_global=0; IO mode=axis:ce=0
Port [ m_axis_video_V_strb_V]:  wired=1; compound=1; hidden=0; nouse=0; global=0; static=0; extern=0; dir=1; type=0; pingpong=0; private_global=0; IO mode=axis:ce=0
Port [ m_axis_video_V_user_V]:  wired=1; compound=1; hidden=0; nouse=0; global=0; static=0; extern=0; dir=1; type=0; pingpong=0; private_global=0; IO mode=axis:ce=0
Port [ m_axis_video_V_last_V]:  wired=1; compound=1; hidden=0; nouse=0; global=0; static=0; extern=0; dir=1; type=0; pingpong=0; private_global=0; IO mode=axis:ce=0
Port [ m_axis_video_V_id_V]:  wired=1; compound=1; hidden=0; nouse=0; global=0; static=0; extern=0; dir=1; type=0; pingpong=0; private_global=0; IO mode=axis:ce=0
Port [ m_axis_video_V_dest_V]:  wired=1; compound=1; hidden=0; nouse=0; global=0; static=0; extern=0; dir=1; type=0; pingpong=0; private_global=0; IO mode=axis:ce=0
Port [ im_V]:  wired=1; compound=0; hidden=0; nouse=0; global=0; static=0; extern=0; dir=0; type=0; pingpong=0; private_global=0; IO mode=ap_none:ce=0
Port [ re_V]:  wired=1; compound=0; hidden=0; nouse=0; global=0; static=0; extern=0; dir=0; type=0; pingpong=0; private_global=0; IO mode=ap_none:ce=0
Port [ zoom_factor_V]:  wired=1; compound=0; hidden=0; nouse=0; global=0; static=0; extern=0; dir=0; type=0; pingpong=0; private_global=0; IO mode=ap_none:ce=0
---------------- STG Properties END ------------------

---------------- Datapath Model BEGIN ----------------

<LifeTime>
<method=bitvector/>
zoom_factor_V_read        (read                ) [ 001]
re_V_read                 (read                ) [ 001]
im_V_read                 (read                ) [ 001]
v_assign_read             (read                ) [ 001]
specinterface_ln0         (specinterface       ) [ 000]
specdataflowpipeline_ln27 (specdataflowpipeline) [ 000]
call_ln0                  (call                ) [ 000]
ret_ln0                   (ret                 ) [ 000]
</LifeTime>

<model>

<comp_list>
<comp id="0" class="1000" name="v_assign">
<pin_list>
<pin id="1" dir="1" index="0" bw="1" slack="0"/>
</pin_list>
<bind>
<StgValue><ssdm name="v_assign"/></StgValue>
</bind>
</comp>

<comp id="2" class="1000" name="m_axis_video_V_data_V">
<pin_list>
<pin id="3" dir="1" index="0" bw="1" slack="0"/>
</pin_list>
<bind>
<StgValue><ssdm name="m_axis_video_V_data_V"/></StgValue>
</bind>
</comp>

<comp id="4" class="1000" name="m_axis_video_V_keep_V">
<pin_list>
<pin id="5" dir="1" index="0" bw="1" slack="0"/>
</pin_list>
<bind>
<StgValue><ssdm name="m_axis_video_V_keep_V"/></StgValue>
</bind>
</comp>

<comp id="6" class="1000" name="m_axis_video_V_strb_V">
<pin_list>
<pin id="7" dir="1" index="0" bw="1" slack="0"/>
</pin_list>
<bind>
<StgValue><ssdm name="m_axis_video_V_strb_V"/></StgValue>
</bind>
</comp>

<comp id="8" class="1000" name="m_axis_video_V_user_V">
<pin_list>
<pin id="9" dir="1" index="0" bw="1" slack="0"/>
</pin_list>
<bind>
<StgValue><ssdm name="m_axis_video_V_user_V"/></StgValue>
</bind>
</comp>

<comp id="10" class="1000" name="m_axis_video_V_last_V">
<pin_list>
<pin id="11" dir="1" index="0" bw="1" slack="0"/>
</pin_list>
<bind>
<StgValue><ssdm name="m_axis_video_V_last_V"/></StgValue>
</bind>
</comp>

<comp id="12" class="1000" name="m_axis_video_V_id_V">
<pin_list>
<pin id="13" dir="1" index="0" bw="1" slack="0"/>
</pin_list>
<bind>
<StgValue><ssdm name="m_axis_video_V_id_V"/></StgValue>
</bind>
</comp>

<comp id="14" class="1000" name="m_axis_video_V_dest_V">
<pin_list>
<pin id="15" dir="1" index="0" bw="1" slack="0"/>
</pin_list>
<bind>
<StgValue><ssdm name="m_axis_video_V_dest_V"/></StgValue>
</bind>
</comp>

<comp id="16" class="1000" name="im_V">
<pin_list>
<pin id="17" dir="1" index="0" bw="1" slack="0"/>
</pin_list>
<bind>
<StgValue><ssdm name="im_V"/></StgValue>
</bind>
</comp>

<comp id="18" class="1000" name="re_V">
<pin_list>
<pin id="19" dir="1" index="0" bw="1" slack="0"/>
</pin_list>
<bind>
<StgValue><ssdm name="re_V"/></StgValue>
</bind>
</comp>

<comp id="20" class="1000" name="zoom_factor_V">
<pin_list>
<pin id="21" dir="1" index="0" bw="1" slack="0"/>
</pin_list>
<bind>
<StgValue><ssdm name="zoom_factor_V"/></StgValue>
</bind>
</comp>

<comp id="22" class="1001" name="const_22">
<pin_list>
<pin id="23" dir="1" index="0" bw="1" slack="0"/>
</pin_list>
<bind>
<StgValue><ssdm name="_ssdm_op_Read.ap_auto.i18"/></StgValue>
</bind>
</comp>

<comp id="24" class="1001" name="const_24">
<pin_list>
<pin id="25" dir="1" index="0" bw="1" slack="0"/>
</pin_list>
<bind>
<StgValue><ssdm name="_ssdm_op_Read.ap_auto.i3"/></StgValue>
</bind>
</comp>

<comp id="26" class="1001" name="const_26">
<pin_list>
<pin id="27" dir="1" index="0" bw="1" slack="0"/>
</pin_list>
<bind>
<StgValue><ssdm name="inner_proc"/></StgValue>
</bind>
</comp>

<comp id="28" class="1001" name="const_28">
<pin_list>
<pin id="29" dir="1" index="0" bw="1" slack="2147483647"/>
</pin_list>
<bind>
<StgValue><ssdm name="_ssdm_op_SpecInterface"/></StgValue>
</bind>
</comp>

<comp id="30" class="1001" name="const_30">
<pin_list>
<pin id="31" dir="1" index="0" bw="1" slack="2147483647"/>
</pin_list>
<bind>
<StgValue><ssdm name="p_str3"/></StgValue>
</bind>
</comp>

<comp id="32" class="1001" name="const_32">
<pin_list>
<pin id="33" dir="1" index="0" bw="1" slack="2147483647"/>
</pin_list>
<bind>
<StgValue><ssdm name=""/></StgValue>
</bind>
</comp>

<comp id="34" class="1001" name="const_34">
<pin_list>
<pin id="35" dir="1" index="0" bw="1" slack="2147483647"/>
</pin_list>
<bind>
<StgValue><ssdm name="p_str4"/></StgValue>
</bind>
</comp>

<comp id="36" class="1001" name="const_36">
<pin_list>
<pin id="37" dir="1" index="0" bw="1" slack="2147483647"/>
</pin_list>
<bind>
<StgValue><ssdm name="p_str5"/></StgValue>
</bind>
</comp>

<comp id="38" class="1001" name="const_38">
<pin_list>
<pin id="39" dir="1" index="0" bw="1" slack="2147483647"/>
</pin_list>
<bind>
<StgValue><ssdm name="p_str1"/></StgValue>
</bind>
</comp>

<comp id="40" class="1001" name="const_40">
<pin_list>
<pin id="41" dir="1" index="0" bw="1" slack="2147483647"/>
</pin_list>
<bind>
<StgValue><ssdm name="_ssdm_op_SpecDataflowPipeline"/></StgValue>
</bind>
</comp>

<comp id="42" class="1001" name="const_42">
<pin_list>
<pin id="43" dir="1" index="0" bw="1" slack="2147483647"/>
</pin_list>
<bind>
<StgValue><ssdm name=""/></StgValue>
</bind>
</comp>

<comp id="44" class="1004" name="zoom_factor_V_read_read_fu_44">
<pin_list>
<pin id="45" dir="0" index="0" bw="18" slack="0"/>
<pin id="46" dir="0" index="1" bw="18" slack="0"/>
<pin id="47" dir="1" index="2" bw="18" slack="0"/>
</pin_list>
<bind>
<opcode="read(1150) " fcode="read"/>
<opset="zoom_factor_V_read/1 "/>
</bind>
</comp>

<comp id="50" class="1004" name="re_V_read_read_fu_50">
<pin_list>
<pin id="51" dir="0" index="0" bw="18" slack="0"/>
<pin id="52" dir="0" index="1" bw="18" slack="0"/>
<pin id="53" dir="1" index="2" bw="18" slack="0"/>
</pin_list>
<bind>
<opcode="read(1150) " fcode="read"/>
<opset="re_V_read/1 "/>
</bind>
</comp>

<comp id="56" class="1004" name="im_V_read_read_fu_56">
<pin_list>
<pin id="57" dir="0" index="0" bw="18" slack="0"/>
<pin id="58" dir="0" index="1" bw="18" slack="0"/>
<pin id="59" dir="1" index="2" bw="18" slack="0"/>
</pin_list>
<bind>
<opcode="read(1150) " fcode="read"/>
<opset="im_V_read/1 "/>
</bind>
</comp>

<comp id="62" class="1004" name="v_assign_read_read_fu_62">
<pin_list>
<pin id="63" dir="0" index="0" bw="3" slack="0"/>
<pin id="64" dir="0" index="1" bw="3" slack="0"/>
<pin id="65" dir="1" index="2" bw="3" slack="0"/>
</pin_list>
<bind>
<opcode="read(1150) " fcode="read"/>
<opset="v_assign_read/1 "/>
</bind>
</comp>

<comp id="68" class="1004" name="grp_inner_proc_fu_68">
<pin_list>
<pin id="69" dir="0" index="0" bw="0" slack="0"/>
<pin id="70" dir="0" index="1" bw="3" slack="0"/>
<pin id="71" dir="0" index="2" bw="24" slack="0"/>
<pin id="72" dir="0" index="3" bw="3" slack="0"/>
<pin id="73" dir="0" index="4" bw="3" slack="0"/>
<pin id="74" dir="0" index="5" bw="1" slack="0"/>
<pin id="75" dir="0" index="6" bw="1" slack="0"/>
<pin id="76" dir="0" index="7" bw="1" slack="0"/>
<pin id="77" dir="0" index="8" bw="1" slack="0"/>
<pin id="78" dir="0" index="9" bw="18" slack="0"/>
<pin id="79" dir="0" index="10" bw="18" slack="0"/>
<pin id="80" dir="0" index="11" bw="18" slack="0"/>
<pin id="81" dir="1" index="12" bw="0" slack="2147483647"/>
</pin_list>
<bind>
<opcode="call(48) " fcode="call"/>
<opset="call_ln0/1 "/>
</bind>
</comp>

<comp id="94" class="1005" name="zoom_factor_V_read_reg_94">
<pin_list>
<pin id="95" dir="0" index="0" bw="18" slack="1"/>
<pin id="96" dir="1" index="1" bw="18" slack="1"/>
</pin_list>
<bind>
<opset="zoom_factor_V_read "/>
</bind>
</comp>

<comp id="99" class="1005" name="re_V_read_reg_99">
<pin_list>
<pin id="100" dir="0" index="0" bw="18" slack="1"/>
<pin id="101" dir="1" index="1" bw="18" slack="1"/>
</pin_list>
<bind>
<opset="re_V_read "/>
</bind>
</comp>

<comp id="104" class="1005" name="im_V_read_reg_104">
<pin_list>
<pin id="105" dir="0" index="0" bw="18" slack="1"/>
<pin id="106" dir="1" index="1" bw="18" slack="1"/>
</pin_list>
<bind>
<opset="im_V_read "/>
</bind>
</comp>

<comp id="109" class="1005" name="v_assign_read_reg_109">
<pin_list>
<pin id="110" dir="0" index="0" bw="3" slack="1"/>
<pin id="111" dir="1" index="1" bw="3" slack="1"/>
</pin_list>
<bind>
<opset="v_assign_read "/>
</bind>
</comp>

</comp_list>

<net_list>
<net id="48"><net_src comp="22" pin="0"/><net_sink comp="44" pin=0"/></net>

<net id="49"><net_src comp="20" pin="0"/><net_sink comp="44" pin=1"/></net>

<net id="54"><net_src comp="22" pin="0"/><net_sink comp="50" pin=0"/></net>

<net id="55"><net_src comp="18" pin="0"/><net_sink comp="50" pin=1"/></net>

<net id="60"><net_src comp="22" pin="0"/><net_sink comp="56" pin=0"/></net>

<net id="61"><net_src comp="16" pin="0"/><net_sink comp="56" pin=1"/></net>

<net id="66"><net_src comp="24" pin="0"/><net_sink comp="62" pin=0"/></net>

<net id="67"><net_src comp="0" pin="0"/><net_sink comp="62" pin=1"/></net>

<net id="82"><net_src comp="26" pin="0"/><net_sink comp="68" pin=0"/></net>

<net id="83"><net_src comp="62" pin="2"/><net_sink comp="68" pin=1"/></net>

<net id="84"><net_src comp="2" pin="0"/><net_sink comp="68" pin=2"/></net>

<net id="85"><net_src comp="4" pin="0"/><net_sink comp="68" pin=3"/></net>

<net id="86"><net_src comp="6" pin="0"/><net_sink comp="68" pin=4"/></net>

<net id="87"><net_src comp="8" pin="0"/><net_sink comp="68" pin=5"/></net>

<net id="88"><net_src comp="10" pin="0"/><net_sink comp="68" pin=6"/></net>

<net id="89"><net_src comp="12" pin="0"/><net_sink comp="68" pin=7"/></net>

<net id="90"><net_src comp="14" pin="0"/><net_sink comp="68" pin=8"/></net>

<net id="91"><net_src comp="56" pin="2"/><net_sink comp="68" pin=9"/></net>

<net id="92"><net_src comp="50" pin="2"/><net_sink comp="68" pin=10"/></net>

<net id="93"><net_src comp="44" pin="2"/><net_sink comp="68" pin=11"/></net>

<net id="97"><net_src comp="44" pin="2"/><net_sink comp="94" pin=0"/></net>

<net id="98"><net_src comp="94" pin="1"/><net_sink comp="68" pin=11"/></net>

<net id="102"><net_src comp="50" pin="2"/><net_sink comp="99" pin=0"/></net>

<net id="103"><net_src comp="99" pin="1"/><net_sink comp="68" pin=10"/></net>

<net id="107"><net_src comp="56" pin="2"/><net_sink comp="104" pin=0"/></net>

<net id="108"><net_src comp="104" pin="1"/><net_sink comp="68" pin=9"/></net>

<net id="112"><net_src comp="62" pin="2"/><net_sink comp="109" pin=0"/></net>

<net id="113"><net_src comp="109" pin="1"/><net_sink comp="68" pin=1"/></net>

</net_list>

</model> 
---------------- Datapath Model END ------------------

* FSMD analyzer results:
  - Output states:
	Port: m_axis_video_V_data_V | {1 2 }
	Port: m_axis_video_V_keep_V | {1 2 }
	Port: m_axis_video_V_strb_V | {1 2 }
	Port: m_axis_video_V_user_V | {1 2 }
	Port: m_axis_video_V_last_V | {1 2 }
	Port: m_axis_video_V_id_V | {1 2 }
	Port: m_axis_video_V_dest_V | {1 2 }
 - Input state : 
	Port: dataflow_in_loop_out : v_assign | {1 }
	Port: dataflow_in_loop_out : im_V | {1 }
	Port: dataflow_in_loop_out : re_V | {1 }
	Port: dataflow_in_loop_out : zoom_factor_V | {1 }
  - Chain level:
	State 1
	State 2


============================================================
+ Verbose Summary: Datapath Resource usage 
============================================================

* Functional unit list:
|----------|-------------------------------|---------|---------|---------|---------|
| Operation|        Functional Unit        |  DSP48E |  Delay  |    FF   |   LUT   |
|----------|-------------------------------|---------|---------|---------|---------|
|   call   |      grp_inner_proc_fu_68     |    6    |  8.845  |   986   |   2071  |
|----------|-------------------------------|---------|---------|---------|---------|
|          | zoom_factor_V_read_read_fu_44 |    0    |    0    |    0    |    0    |
|   read   |      re_V_read_read_fu_50     |    0    |    0    |    0    |    0    |
|          |      im_V_read_read_fu_56     |    0    |    0    |    0    |    0    |
|          |    v_assign_read_read_fu_62   |    0    |    0    |    0    |    0    |
|----------|-------------------------------|---------|---------|---------|---------|
|   Total  |                               |    6    |  8.845  |   986   |   2071  |
|----------|-------------------------------|---------|---------|---------|---------|

Memories:
N/A

* Register list:
+-------------------------+--------+
|                         |   FF   |
+-------------------------+--------+
|    im_V_read_reg_104    |   18   |
|     re_V_read_reg_99    |   18   |
|  v_assign_read_reg_109  |    3   |
|zoom_factor_V_read_reg_94|   18   |
+-------------------------+--------+
|          Total          |   57   |
+-------------------------+--------+

* Multiplexer (MUX) list: 
|----------------------|------|------|------|--------||---------||---------|
|         Comp         |  Pin | Size |  BW  | S x BW ||  Delay  ||   LUT   |
|----------------------|------|------|------|--------||---------||---------|
| grp_inner_proc_fu_68 |  p1  |   2  |   3  |    6   ||    9    |
| grp_inner_proc_fu_68 |  p9  |   2  |  18  |   36   ||    9    |
| grp_inner_proc_fu_68 |  p10 |   2  |  18  |   36   ||    9    |
| grp_inner_proc_fu_68 |  p11 |   2  |  18  |   36   ||    9    |
|----------------------|------|------|------|--------||---------||---------|
|         Total        |      |      |      |   114  ||  7.076  ||    36   |
|----------------------|------|------|------|--------||---------||---------|



* Summary:
+-----------+--------+--------+--------+--------+
|           | DSP48E |  Delay |   FF   |   LUT  |
+-----------+--------+--------+--------+--------+
|  Function |    6   |    8   |   986  |  2071  |
|   Memory  |    -   |    -   |    -   |    -   |
|Multiplexer|    -   |    7   |    -   |   36   |
|  Register |    -   |    -   |   57   |    -   |
+-----------+--------+--------+--------+--------+
|   Total   |    6   |   15   |  1043  |  2107  |
+-----------+--------+--------+--------+--------+
