Copyright 1986-2019 Xilinx, Inc. All Rights Reserved.
--------------------------------------------------------------------------------------
| Tool Version : Vivado v.2019.2 (lin64) Build 2708876 Wed Nov  6 21:39:14 MST 2019
| Date         : Sun Jan 12 15:16:04 2020
| Host         : luigilinux running 64-bit unknown
| Command      : report_control_sets -verbose -file GPIO_demo_control_sets_placed.rpt
| Design       : GPIO_demo
| Device       : xc7a35t
--------------------------------------------------------------------------------------

Control Set Information

Table of Contents
-----------------
1. Summary
2. Histogram
3. Flip-Flop Distribution
4. Detailed Control Set Information

1. Summary
----------

+----------------------------------------------------------+-------+
|                          Status                          | Count |
+----------------------------------------------------------+-------+
| Total control sets                                       |    33 |
|    Minimum number of control sets                        |    33 |
|    Addition due to synthesis replication                 |     0 |
|    Addition due to physical synthesis replication        |     0 |
| Unused register locations in slices containing registers |    78 |
+----------------------------------------------------------+-------+
* Control sets can be merged at opt_design using control_set_merge or merge_equivalent_drivers
** Run report_qor_suggestions for automated merging and remapping suggestions


2. Histogram
------------

+--------------------+-------+
|       Fanout       | Count |
+--------------------+-------+
| Total control sets |    33 |
| >= 0 to < 4        |     0 |
| >= 4 to < 6        |     3 |
| >= 6 to < 8        |     3 |
| >= 8 to < 10       |     4 |
| >= 10 to < 12      |     3 |
| >= 12 to < 14      |     4 |
| >= 14 to < 16      |     2 |
| >= 16              |    14 |
+--------------------+-------+
* Control sets can be remapped at either synth_design or opt_design


3. Flip-Flop Distribution
-------------------------

+--------------+-----------------------+------------------------+-----------------+--------------+
| Clock Enable | Synchronous Set/Reset | Asynchronous Set/Reset | Total Registers | Total Slices |
+--------------+-----------------------+------------------------+-----------------+--------------+
| No           | No                    | No                     |             144 |           68 |
| No           | No                    | Yes                    |               0 |            0 |
| No           | Yes                   | No                     |             213 |           56 |
| Yes          | No                    | No                     |             106 |           38 |
| Yes          | No                    | Yes                    |               0 |            0 |
| Yes          | Yes                   | No                     |             115 |           33 |
+--------------+-----------------------+------------------------+-----------------+--------------+


4. Detailed Control Set Information
-----------------------------------

+-------------------------------------------+----------------------------------------------------------------------------+----------------------------------------------------------------------------+------------------+----------------+
|                Clock Signal               |                                Enable Signal                               |                              Set/Reset Signal                              | Slice Load Count | Bel Load Count |
+-------------------------------------------+----------------------------------------------------------------------------+----------------------------------------------------------------------------+------------------+----------------+
|  CLK_IBUF_BUFG                            | eqOp2_in                                                                   | tmrVal[3]_i_1_n_0                                                          |                2 |              4 |
|  Inst_vga_ctrl/clk_wiz_0_inst/U0/clk_out1 | Inst_vga_ctrl/Inst_MouseCtl/Inst_Ps2Interface/shift_frame                  | Inst_vga_ctrl/Inst_MouseCtl/Inst_Ps2Interface/reset_bit_count              |                1 |              4 |
|  Inst_vga_ctrl/clk_wiz_0_inst/U0/clk_out1 | Inst_vga_ctrl/Inst_MouseCtl/x_overflow_i_1_n_0                             |                                                                            |                1 |              4 |
|  CLK_IBUF_BUFG                            | uartSend                                                                   |                                                                            |                3 |              7 |
|  CLK_IBUF_BUFG                            | uartData                                                                   |                                                                            |                7 |              7 |
|  Inst_vga_ctrl/clk_wiz_0_inst/U0/clk_out1 | Inst_vga_ctrl/Inst_MouseCtl/Inst_Ps2Interface/delay_63clk_count[6]_i_2_n_0 | Inst_vga_ctrl/Inst_MouseCtl/Inst_Ps2Interface/delay_63clk_count[6]_i_1_n_0 |                3 |              7 |
|  Inst_vga_ctrl/clk_wiz_0_inst/U0/clk_out1 | Inst_vga_ctrl/Inst_MouseCtl/Inst_Ps2Interface/load_rx_data_reg_n_0         |                                                                            |                2 |              8 |
|  Inst_vga_ctrl/clk_wiz_0_inst/U0/clk_out1 | Inst_vga_ctrl/Inst_MouseCtl/x_inc[7]_i_1_n_0                               |                                                                            |                1 |              8 |
|  Inst_vga_ctrl/clk_wiz_0_inst/U0/clk_out1 | Inst_vga_ctrl/Inst_MouseCtl/g0_b0_n_0                                      |                                                                            |                3 |              8 |
|  Inst_vga_ctrl/clk_wiz_0_inst/U0/clk_out1 | Inst_vga_ctrl/Inst_MouseCtl/y_inc[7]_i_1_n_0                               |                                                                            |                2 |              8 |
|  Inst_vga_ctrl/clk_wiz_0_inst/U0/clk_out1 | Inst_vga_ctrl/Inst_MouseCtl/Inst_Ps2Interface/frame[9]_i_1_n_0             |                                                                            |                2 |             10 |
|  Inst_vga_ctrl/clk_wiz_0_inst/U0/clk_out1 | Inst_vga_ctrl/Inst_MouseCtl/y_new_reg_n_0                                  |                                                                            |                4 |             11 |
|  Inst_vga_ctrl/clk_wiz_0_inst/U0/clk_out1 | Inst_vga_ctrl/Inst_MouseCtl/Inst_Ps2Interface/delay_20us_count[10]_i_2_n_0 | Inst_vga_ctrl/Inst_MouseCtl/Inst_Ps2Interface/delay_20us_count[10]_i_1_n_0 |                3 |             11 |
|  Inst_vga_ctrl/clk_wiz_0_inst/U0/clk_out1 | Inst_vga_ctrl/Inst_MouseCtl/x_new_reg_n_0                                  |                                                                            |                3 |             12 |
|  Inst_vga_ctrl/clk_wiz_0_inst/U0/clk_out1 |                                                                            | Inst_vga_ctrl/eqOp4_in                                                     |                3 |             12 |
|  Inst_vga_ctrl/clk_wiz_0_inst/U0/clk_out1 |                                                                            | Inst_vga_ctrl/vga_red_reg[3]_i_1_n_0                                       |                2 |             12 |
|  Inst_vga_ctrl/clk_wiz_0_inst/U0/clk_out1 | Inst_vga_ctrl/eqOp4_in                                                     | Inst_vga_ctrl/v_cntr_reg0                                                  |                3 |             12 |
|  Inst_vga_ctrl/clk_wiz_0_inst/U0/clk_out1 | Inst_vga_ctrl/Inst_MouseCtl/Inst_Ps2Interface/delay_100us_count[0]_i_2_n_0 | Inst_vga_ctrl/Inst_MouseCtl/Inst_Ps2Interface/delay_100us_count[0]_i_1_n_0 |                4 |             14 |
|  CLK_IBUF_BUFG                            |                                                                            | Inst_UART_TX_CTRL/bitTmr[0]_i_1_n_0                                        |                4 |             14 |
|  CLK_IBUF_BUFG                            |                                                                            | Inst_btn_debounce/sig_cntrs_ary[1][0]_i_1_n_0                              |                4 |             16 |
|  CLK_IBUF_BUFG                            |                                                                            | Inst_btn_debounce/sig_cntrs_ary[0][0]_i_1_n_0                              |                4 |             16 |
|  CLK_IBUF_BUFG                            |                                                                            | Inst_btn_debounce/sig_cntrs_ary[3][0]_i_1_n_0                              |                4 |             16 |
|  CLK_IBUF_BUFG                            |                                                                            | Inst_btn_debounce/sig_cntrs_ary[4][0]_i_1_n_0                              |                4 |             16 |
|  CLK_IBUF_BUFG                            |                                                                            | Inst_btn_debounce/sig_cntrs_ary[2][0]_i_1_n_0                              |                4 |             16 |
|  CLK_IBUF_BUFG                            |                                                                            | reset_cntr0                                                                |                5 |             18 |
|  CLK_IBUF_BUFG                            |                                                                            |                                                                            |               12 |             22 |
|  Inst_vga_ctrl/clk_wiz_0_inst/U0/clk_out1 | Inst_vga_ctrl/v_sync_reg                                                   |                                                                            |               10 |             23 |
|  Inst_vga_ctrl/clk_wiz_0_inst/U0/clk_out1 |                                                                            | Inst_vga_ctrl/Inst_MouseCtl/reset_timeout_cnt_reg_n_0                      |                7 |             24 |
|  Inst_vga_ctrl/clk_wiz_0_inst/U0/clk_out1 |                                                                            | Inst_vga_ctrl/Inst_MouseCtl/reset_periodic_check_cnt                       |                8 |             26 |
|  CLK_IBUF_BUFG                            |                                                                            | tmrCntr0                                                                   |                7 |             27 |
|  CLK_IBUF_BUFG                            | uartData                                                                   | strIndex0                                                                  |                8 |             31 |
|  CLK_IBUF_BUFG                            | Inst_UART_TX_CTRL/txBit                                                    | Inst_UART_TX_CTRL/READY                                                    |                9 |             32 |
|  Inst_vga_ctrl/clk_wiz_0_inst/U0/clk_out1 |                                                                            |                                                                            |               56 |            122 |
+-------------------------------------------+----------------------------------------------------------------------------+----------------------------------------------------------------------------+------------------+----------------+


